     0,                  Time [s],                            Time [s]
     1,            delta GENROU 1,                   $\delta$ GENROU 1
     2,            delta GENROU 2,                   $\delta$ GENROU 2
     3,            delta GENROU 3,                   $\delta$ GENROU 3
     4,            delta GENROU 4,                   $\delta$ GENROU 4
     5,            omega GENROU 1,                   $\omega$ GENROU 1
     6,            omega GENROU 2,                   $\omega$ GENROU 2
     7,            omega GENROU 3,                   $\omega$ GENROU 3
     8,            omega GENROU 4,                   $\omega$ GENROU 4
     9,              e1q GENROU 1,                   ${e'_q}$ GENROU 1
    10,              e1q GENROU 2,                   ${e'_q}$ GENROU 2
    11,              e1q GENROU 3,                   ${e'_q}$ GENROU 3
    12,              e1q GENROU 4,                   ${e'_q}$ GENROU 4
    13,              e1d GENROU 1,                   ${e'_d}$ GENROU 1
    14,              e1d GENROU 2,                   ${e'_d}$ GENROU 2
    15,              e1d GENROU 3,                   ${e'_d}$ GENROU 3
    16,              e1d GENROU 4,                   ${e'_d}$ GENROU 4
    17,              e2d GENROU 1,                  ${e''_d}$ GENROU 1
    18,              e2d GENROU 2,                  ${e''_d}$ GENROU 2
    19,              e2d GENROU 3,                  ${e''_d}$ GENROU 3
    20,              e2d GENROU 4,                  ${e''_d}$ GENROU 4
    21,              e2q GENROU 1,                  ${e''_q}$ GENROU 1
    22,              e2q GENROU 2,                  ${e''_q}$ GENROU 2
    23,              e2q GENROU 3,                  ${e''_q}$ GENROU 3
    24,              e2q GENROU 4,                  ${e''_q}$ GENROU 4
    25,             LAG_y TGOV1 1,                   $y_{LAG}$ TGOV1 1
    26,             LAG_y TGOV1 2,                   $y_{LAG}$ TGOV1 2
    27,             LAG_y TGOV1 3,                   $y_{LAG}$ TGOV1 3
    28,             LAG_y TGOV1 4,                   $y_{LAG}$ TGOV1 4
    29,              LL_x TGOV1 1,                   $x'_{LL}$ TGOV1 1
    30,              LL_x TGOV1 2,                   $x'_{LL}$ TGOV1 2
    31,              LL_x TGOV1 3,                   $x'_{LL}$ TGOV1 3
    32,              LL_x TGOV1 4,                   $x'_{LL}$ TGOV1 4
    33,              LG_y EXST1 1,                    $y_{LG}$ EXST1 1
    34,              LL_x EXST1 1,                   $x'_{LL}$ EXST1 1
    35,              LR_y EXST1 1,                    $y_{LR}$ EXST1 1
    36,              WF_x EXST1 1,                   $x'_{WF}$ EXST1 1
    37,             LG_y ESST3A 2,                   $y_{LG}$ ESST3A 2
    38,             LG_y ESST3A 3,                   $y_{LG}$ ESST3A 3
    39,             LG_y ESST3A 4,                   $y_{LG}$ ESST3A 4
    40,             LL_x ESST3A 2,                  $x'_{LL}$ ESST3A 2
    41,             LL_x ESST3A 3,                  $x'_{LL}$ ESST3A 3
    42,             LL_x ESST3A 4,                  $x'_{LL}$ ESST3A 4
    43,           LAW1_y ESST3A 2,                 $y_{LAW1}$ ESST3A 2
    44,           LAW1_y ESST3A 3,                 $y_{LAW1}$ ESST3A 3
    45,           LAW1_y ESST3A 4,                 $y_{LAW1}$ ESST3A 4
    46,           LAW2_y ESST3A 2,                 $y_{LAW2}$ ESST3A 2
    47,           LAW2_y ESST3A 3,                 $y_{LAW2}$ ESST3A 3
    48,           LAW2_y ESST3A 4,                 $y_{LAW2}$ ESST3A 4
    49,             L_y BusFreq 1,                   $y_{L}$ BusFreq 1
    50,             L_y BusFreq 2,                   $y_{L}$ BusFreq 2
    51,             L_y BusFreq 3,                   $y_{L}$ BusFreq 3
    52,             L_y BusFreq 4,                   $y_{L}$ BusFreq 4
    53,            WO_x BusFreq 1,                 $x'_{WO}$ BusFreq 1
    54,            WO_x BusFreq 2,                 $x'_{WO}$ BusFreq 2
    55,            WO_x BusFreq 3,                 $x'_{WO}$ BusFreq 3
    56,            WO_x BusFreq 4,                 $x'_{WO}$ BusFreq 4
    57,               af_y PLL1 1,                     $y_{af}$ PLL1 1
    58,              PI_xi PLL1 1,                    $xi_{PI}$ PLL1 1
    59,                 ae PLL1 1,               $\theta_{est}$ PLL1 1
    60,                 am PLL1 1,                 $\theta_{m}$ PLL1 1
    61,             S1_y REGCP1 1,                  $y_{S_1}$ REGCP1 1
    62,             S2_y REGCP1 1,                  $y_{S_2}$ REGCP1 1
    63,             S0_y REGCP1 1,                  $y_{S_0}$ REGCP1 1
    64,             s0_y REECA1 1,                   $y_{s0}$ REECA1 1
    65,             S1_y REECA1 1,                  $y_{S_1}$ REECA1 1
    66,           PIQ_xi REECA1 1,                 $xi_{PIQ}$ REECA1 1
    67,             s4_y REECA1 1,                  $y_{s_4}$ REECA1 1
    68,          pfilt_y REECA1 1,             $y_{P_{filt}}$ REECA1 1
    69,             s5_y REECA1 1,                   $y_{s5}$ REECA1 1
    70,           PIV_xi REECA1 1,                 $xi_{PIV}$ REECA1 1
    71,             s0_y REPCA1 1,                  $y_{s_0}$ REPCA1 1
    72,             s1_y REPCA1 1,                  $y_{s_1}$ REPCA1 1
    73,            s2_xi REPCA1 1,                 $xi_{s_2}$ REPCA1 1
    74,             s3_x REPCA1 1,                 $x'_{s_3}$ REPCA1 1
    75,             s4_y REPCA1 1,                  $y_{s_4}$ REPCA1 1
    76,            s5_xi REPCA1 1,                 $xi_{s_5}$ REPCA1 1
    77,             s6_y REPCA1 1,                  $y_{s_6}$ REPCA1 1
    78,                   a Bus 1,                      $\theta$ Bus 1
    79,                   a Bus 2,                      $\theta$ Bus 2
    80,                   a Bus 3,                      $\theta$ Bus 3
    81,                   a Bus 4,                      $\theta$ Bus 4
    82,                   a Bus 5,                      $\theta$ Bus 5
    83,                   a Bus 6,                      $\theta$ Bus 6
    84,                   a Bus 7,                      $\theta$ Bus 7
    85,                   a Bus 8,                      $\theta$ Bus 8
    86,                   a Bus 9,                      $\theta$ Bus 9
    87,                  a Bus 10,                     $\theta$ Bus 10
    88,                  a Bus 11,                     $\theta$ Bus 11
    89,                  a Bus 12,                     $\theta$ Bus 12
    90,                  a Bus 13,                     $\theta$ Bus 13
    91,                  a Bus 14,                     $\theta$ Bus 14
    92,                   v Bus 1,                           $V$ Bus 1
    93,                   v Bus 2,                           $V$ Bus 2
    94,                   v Bus 3,                           $V$ Bus 3
    95,                   v Bus 4,                           $V$ Bus 4
    96,                   v Bus 5,                           $V$ Bus 5
    97,                   v Bus 6,                           $V$ Bus 6
    98,                   v Bus 7,                           $V$ Bus 7
    99,                   v Bus 8,                           $V$ Bus 8
   100,                   v Bus 9,                           $V$ Bus 9
   101,                  v Bus 10,                          $V$ Bus 10
   102,                  v Bus 11,                          $V$ Bus 11
   103,                  v Bus 12,                          $V$ Bus 12
   104,                  v Bus 13,                          $V$ Bus 13
   105,                  v Bus 14,                          $V$ Bus 14
   106,                    q PV 2,                            $q$ PV 2
   107,                    q PV 3,                            $q$ PV 3
   108,                    q PV 4,                            $q$ PV 4
   109,                    q PV 5,                            $q$ PV 5
   110,                 q Slack 1,                         $q$ Slack 1
   111,                 p Slack 1,                         $p$ Slack 1
   112,               Id GENROU 1,                      $I_d$ GENROU 1
   113,               Id GENROU 2,                      $I_d$ GENROU 2
   114,               Id GENROU 3,                      $I_d$ GENROU 3
   115,               Id GENROU 4,                      $I_d$ GENROU 4
   116,               Iq GENROU 1,                      $I_q$ GENROU 1
   117,               Iq GENROU 2,                      $I_q$ GENROU 2
   118,               Iq GENROU 3,                      $I_q$ GENROU 3
   119,               Iq GENROU 4,                      $I_q$ GENROU 4
   120,               vd GENROU 1,                      $V_d$ GENROU 1
   121,               vd GENROU 2,                      $V_d$ GENROU 2
   122,               vd GENROU 3,                      $V_d$ GENROU 3
   123,               vd GENROU 4,                      $V_d$ GENROU 4
   124,               vq GENROU 1,                      $V_q$ GENROU 1
   125,               vq GENROU 2,                      $V_q$ GENROU 2
   126,               vq GENROU 3,                      $V_q$ GENROU 3
   127,               vq GENROU 4,                      $V_q$ GENROU 4
   128,               tm GENROU 1,                   $\tau_m$ GENROU 1
   129,               tm GENROU 2,                   $\tau_m$ GENROU 2
   130,               tm GENROU 3,                   $\tau_m$ GENROU 3
   131,               tm GENROU 4,                   $\tau_m$ GENROU 4
   132,               te GENROU 1,                   $\tau_e$ GENROU 1
   133,               te GENROU 2,                   $\tau_e$ GENROU 2
   134,               te GENROU 3,                   $\tau_e$ GENROU 3
   135,               te GENROU 4,                   $\tau_e$ GENROU 4
   136,               vf GENROU 1,                      $v_f$ GENROU 1
   137,               vf GENROU 2,                      $v_f$ GENROU 2
   138,               vf GENROU 3,                      $v_f$ GENROU 3
   139,               vf GENROU 4,                      $v_f$ GENROU 4
   140,           XadIfd GENROU 1,             $X_{ad}I_{fd}$ GENROU 1
   141,           XadIfd GENROU 2,             $X_{ad}I_{fd}$ GENROU 2
   142,           XadIfd GENROU 3,             $X_{ad}I_{fd}$ GENROU 3
   143,           XadIfd GENROU 4,             $X_{ad}I_{fd}$ GENROU 4
   144,               Pe GENROU 1,                      $P_e$ GENROU 1
   145,               Pe GENROU 2,                      $P_e$ GENROU 2
   146,               Pe GENROU 3,                      $P_e$ GENROU 3
   147,               Pe GENROU 4,                      $P_e$ GENROU 4
   148,               Qe GENROU 1,                      $Q_e$ GENROU 1
   149,               Qe GENROU 2,                      $Q_e$ GENROU 2
   150,               Qe GENROU 3,                      $Q_e$ GENROU 3
   151,               Qe GENROU 4,                      $Q_e$ GENROU 4
   152,             psid GENROU 1,                   $\psi_d$ GENROU 1
   153,             psid GENROU 2,                   $\psi_d$ GENROU 2
   154,             psid GENROU 3,                   $\psi_d$ GENROU 3
   155,             psid GENROU 4,                   $\psi_d$ GENROU 4
   156,             psiq GENROU 1,                   $\psi_q$ GENROU 1
   157,             psiq GENROU 2,                   $\psi_q$ GENROU 2
   158,             psiq GENROU 3,                   $\psi_q$ GENROU 3
   159,             psiq GENROU 4,                   $\psi_q$ GENROU 4
   160,            psi2q GENROU 1,                $\psi_{aq}$ GENROU 1
   161,            psi2q GENROU 2,                $\psi_{aq}$ GENROU 2
   162,            psi2q GENROU 3,                $\psi_{aq}$ GENROU 3
   163,            psi2q GENROU 4,                $\psi_{aq}$ GENROU 4
   164,            psi2d GENROU 1,                $\psi_{ad}$ GENROU 1
   165,            psi2d GENROU 2,                $\psi_{ad}$ GENROU 2
   166,            psi2d GENROU 3,                $\psi_{ad}$ GENROU 3
   167,            psi2d GENROU 4,                $\psi_{ad}$ GENROU 4
   168,             psi2 GENROU 1,                   $\psi_a$ GENROU 1
   169,             psi2 GENROU 2,                   $\psi_a$ GENROU 2
   170,             psi2 GENROU 3,                   $\psi_a$ GENROU 3
   171,             psi2 GENROU 4,                   $\psi_a$ GENROU 4
   172,               Se GENROU 1,          $S_e(|\psi_{a}|)$ GENROU 1
   173,               Se GENROU 2,          $S_e(|\psi_{a}|)$ GENROU 2
   174,               Se GENROU 3,          $S_e(|\psi_{a}|)$ GENROU 3
   175,               Se GENROU 4,          $S_e(|\psi_{a}|)$ GENROU 4
   176,           XaqI1q GENROU 1,             $X_{aq}I_{1q}$ GENROU 1
   177,           XaqI1q GENROU 2,             $X_{aq}I_{1q}$ GENROU 2
   178,           XaqI1q GENROU 3,             $X_{aq}I_{1q}$ GENROU 3
   179,           XaqI1q GENROU 4,             $X_{aq}I_{1q}$ GENROU 4
   180,              paux TGOV1 1,                   $P_{aux}$ TGOV1 1
   181,              paux TGOV1 2,                   $P_{aux}$ TGOV1 2
   182,              paux TGOV1 3,                   $P_{aux}$ TGOV1 3
   183,              paux TGOV1 4,                   $P_{aux}$ TGOV1 4
   184,              pout TGOV1 1,                   $P_{out}$ TGOV1 1
   185,              pout TGOV1 2,                   $P_{out}$ TGOV1 2
   186,              pout TGOV1 3,                   $P_{out}$ TGOV1 3
   187,              pout TGOV1 4,                   $P_{out}$ TGOV1 4
   188,              wref TGOV1 1,              $\omega_{ref}$ TGOV1 1
   189,              wref TGOV1 2,              $\omega_{ref}$ TGOV1 2
   190,              wref TGOV1 3,              $\omega_{ref}$ TGOV1 3
   191,              wref TGOV1 4,              $\omega_{ref}$ TGOV1 4
   192,              pref TGOV1 1,                   $P_{ref}$ TGOV1 1
   193,              pref TGOV1 2,                   $P_{ref}$ TGOV1 2
   194,              pref TGOV1 3,                   $P_{ref}$ TGOV1 3
   195,              pref TGOV1 4,                   $P_{ref}$ TGOV1 4
   196,                wd TGOV1 1,              $\omega_{dev}$ TGOV1 1
   197,                wd TGOV1 2,              $\omega_{dev}$ TGOV1 2
   198,                wd TGOV1 3,              $\omega_{dev}$ TGOV1 3
   199,                wd TGOV1 4,              $\omega_{dev}$ TGOV1 4
   200,                pd TGOV1 1,                       $P_d$ TGOV1 1
   201,                pd TGOV1 2,                       $P_d$ TGOV1 2
   202,                pd TGOV1 3,                       $P_d$ TGOV1 3
   203,                pd TGOV1 4,                       $P_d$ TGOV1 4
   204,              LL_y TGOV1 1,                    $y_{LL}$ TGOV1 1
   205,              LL_y TGOV1 2,                    $y_{LL}$ TGOV1 2
   206,              LL_y TGOV1 3,                    $y_{LL}$ TGOV1 3
   207,              LL_y TGOV1 4,                    $y_{LL}$ TGOV1 4
   208,                 v EXST1 1,                  $E_{term}$ EXST1 1
   209,              vout EXST1 1,                   $v_{out}$ EXST1 1
   210,              vref EXST1 1,                   $V_{ref}$ EXST1 1
   211,                vi EXST1 1,                       $V_i$ EXST1 1
   212,                vl EXST1 1,                       $V_l$ EXST1 1
   213,              LL_y EXST1 1,                    $y_{LL}$ EXST1 1
   214,              WF_y EXST1 1,                    $y_{WF}$ EXST1 1
   215,             vfmax EXST1 1,                  $V_{fmax}$ EXST1 1
   216,             vfmin EXST1 1,                  $V_{fmin}$ EXST1 1
   217,                v ESST3A 2,                 $E_{term}$ ESST3A 2
   218,                v ESST3A 3,                 $E_{term}$ ESST3A 3
   219,                v ESST3A 4,                 $E_{term}$ ESST3A 4
   220,             vout ESST3A 2,                  $v_{out}$ ESST3A 2
   221,             vout ESST3A 3,                  $v_{out}$ ESST3A 3
   222,             vout ESST3A 4,                  $v_{out}$ ESST3A 4
   223,              UEL ESST3A 2,                   $U_{EL}$ ESST3A 2
   224,              UEL ESST3A 3,                   $U_{EL}$ ESST3A 3
   225,              UEL ESST3A 4,                   $U_{EL}$ ESST3A 4
   226,               IN ESST3A 2,                      $I_N$ ESST3A 2
   227,               IN ESST3A 3,                      $I_N$ ESST3A 3
   228,               IN ESST3A 4,                      $I_N$ ESST3A 4
   229,            FEX_y ESST3A 2,                  $y_{FEX}$ ESST3A 2
   230,            FEX_y ESST3A 3,                  $y_{FEX}$ ESST3A 3
   231,            FEX_y ESST3A 4,                  $y_{FEX}$ ESST3A 4
   232,             VB_x ESST3A 2,                   $x_{VB}$ ESST3A 2
   233,             VB_x ESST3A 3,                   $x_{VB}$ ESST3A 3
   234,             VB_x ESST3A 4,                   $x_{VB}$ ESST3A 4
   235,             VB_y ESST3A 2,                   $y_{VB}$ ESST3A 2
   236,             VB_y ESST3A 3,                   $y_{VB}$ ESST3A 3
   237,             VB_y ESST3A 4,                   $y_{VB}$ ESST3A 4
   238,             VG_x ESST3A 2,                   $x_{VG}$ ESST3A 2
   239,             VG_x ESST3A 3,                   $x_{VG}$ ESST3A 3
   240,             VG_x ESST3A 4,                   $x_{VG}$ ESST3A 4
   241,             VG_y ESST3A 2,                   $y_{VG}$ ESST3A 2
   242,             VG_y ESST3A 3,                   $y_{VG}$ ESST3A 3
   243,             VG_y ESST3A 4,                   $y_{VG}$ ESST3A 4
   244,              vrs ESST3A 2,                   $V_{RS}$ ESST3A 2
   245,              vrs ESST3A 3,                   $V_{RS}$ ESST3A 3
   246,              vrs ESST3A 4,                   $V_{RS}$ ESST3A 4
   247,             vref ESST3A 2,                  $V_{ref}$ ESST3A 2
   248,             vref ESST3A 3,                  $V_{ref}$ ESST3A 3
   249,             vref ESST3A 4,                  $V_{ref}$ ESST3A 4
   250,               vi ESST3A 2,                      $V_i$ ESST3A 2
   251,               vi ESST3A 3,                      $V_i$ ESST3A 3
   252,               vi ESST3A 4,                      $V_i$ ESST3A 4
   253,              vil ESST3A 2,                   $V_{il}$ ESST3A 2
   254,              vil ESST3A 3,                   $V_{il}$ ESST3A 3
   255,              vil ESST3A 4,                   $V_{il}$ ESST3A 4
   256,             HG_y ESST3A 2,                   $y_{HG}$ ESST3A 2
   257,             HG_y ESST3A 3,                   $y_{HG}$ ESST3A 3
   258,             HG_y ESST3A 4,                   $y_{HG}$ ESST3A 4
   259,             LL_y ESST3A 2,                   $y_{LL}$ ESST3A 2
   260,             LL_y ESST3A 3,                   $y_{LL}$ ESST3A 3
   261,             LL_y ESST3A 4,                   $y_{LL}$ ESST3A 4
   262,            WO_y BusFreq 1,                  $y_{WO}$ BusFreq 1
   263,            WO_y BusFreq 2,                  $y_{WO}$ BusFreq 2
   264,            WO_y BusFreq 3,                  $y_{WO}$ BusFreq 3
   265,            WO_y BusFreq 4,                  $y_{WO}$ BusFreq 4
   266,               f BusFreq 1,                       $f$ BusFreq 1
   267,               f BusFreq 2,                       $f$ BusFreq 2
   268,               f BusFreq 3,                       $f$ BusFreq 3
   269,               f BusFreq 4,                       $f$ BusFreq 4
   270,               PI_y PLL1 1,                     $y_{PI}$ PLL1 1
   271,            LVG_y REGCP1 1,               $y_{L_{VG}}$ REGCP1 1
   272,            Ipcmd REGCP1 1,                 $I_{pcmd}$ REGCP1 1
   273,            Iqcmd REGCP1 1,                 $I_{qcmd}$ REGCP1 1
   274,           LVPL_y REGCP1 1,              $y_{L_{VPL}}$ REGCP1 1
   275,            Ipout REGCP1 1,                 $I_{pout}$ REGCP1 1
   276,            HVG_x REGCP1 1,               $x_{H_{VG}}$ REGCP1 1
   277,            HVG_y REGCP1 1,               $y_{H_{VG}}$ REGCP1 1
   278,          Iqout_x REGCP1 1,             $x_{I^{qout}}$ REGCP1 1
   279,          Iqout_y REGCP1 1,             $y_{I^{qout}}$ REGCP1 1
   280,               Pe REGCP1 1,                      $P_e$ REGCP1 1
   281,               Qe REGCP1 1,                      $Q_e$ REGCP1 1
   282,               vd REGCP1 1,                      $V_d$ REGCP1 1
   283,               vq REGCP1 1,                      $V_q$ REGCP1 1
   284,               vp REECA1 1,                      $V_p$ REECA1 1
   285,           pfaref REECA1 1,               $\Phi_{ref}$ REECA1 1
   286,             Qref REECA1 1,                  $Q_{ref}$ REECA1 1
   287,             Qcpf REECA1 1,                  $Q_{cpf}$ REECA1 1
   288,            PFsel REECA1 1,                    $PFsel$ REECA1 1
   289,             Qerr REECA1 1,                  $Q_{err}$ REECA1 1
   290,           PIQ_ys REECA1 1,                 $ys_{PIQ}$ REECA1 1
   291,            PIQ_y REECA1 1,                  $y_{PIQ}$ REECA1 1
   292,           Vsel_x REECA1 1,                 $x_{Vsel}$ REECA1 1
   293,           Vsel_y REECA1 1,                 $y_{Vsel}$ REECA1 1
   294,             Verr REECA1 1,                  $V_{err}$ REECA1 1
   295,            dbV_y REECA1 1,                  $y_{dbV}$ REECA1 1
   296,            Iqinj REECA1 1,                 $I_{qinj}$ REECA1 1
   297,               wg REECA1 1,                 $\omega_g$ REECA1 1
   298,             Pref REECA1 1,                  $P_{ref}$ REECA1 1
   299,             Psel REECA1 1,                  $P_{sel}$ REECA1 1
   300,           VDL1_y REECA1 1,              $y_{V_{DL1}}$ REECA1 1
   301,           VDL2_y REECA1 1,              $y_{V_{DL2}}$ REECA1 1
   302,            Ipmax REECA1 1,                 $I_{pmax}$ REECA1 1
   303,            Iqmax REECA1 1,                 $I_{qmax}$ REECA1 1
   304,           PIV_ys REECA1 1,                 $ys_{PIV}$ REECA1 1
   305,            PIV_y REECA1 1,                  $y_{PIV}$ REECA1 1
   306,             Qsel REECA1 1,                  $Q_{sel}$ REECA1 1
   307,           IpHL_x REECA1 1,                 $x_{IpHL}$ REECA1 1
   308,           IpHL_y REECA1 1,                 $y_{IpHL}$ REECA1 1
   309,           IqHL_x REECA1 1,                 $x_{IqHL}$ REECA1 1
   310,           IqHL_y REECA1 1,                 $y_{IqHL}$ REECA1 1
   311,             Vref REPCA1 1,                  $Q_{ref}$ REPCA1 1
   312,           Qlinef REPCA1 1,                $Q_{linef}$ REPCA1 1
   313,           Refsel REPCA1 1,                $R_{efsel}$ REPCA1 1
   314,            dbd_y REPCA1 1,               $y_{d^{bd}}$ REPCA1 1
   315,              enf REPCA1 1,                   $e_{nf}$ REPCA1 1
   316,            s2_ys REPCA1 1,                 $ys_{s_2}$ REPCA1 1
   317,             s2_y REPCA1 1,                  $y_{s_2}$ REPCA1 1
   318,             s3_y REPCA1 1,                  $y_{s_3}$ REPCA1 1
   319,             ferr REPCA1 1,                  $f_{err}$ REPCA1 1
   320,           fdbd_y REPCA1 1,              $y_{f^{dbd}}$ REPCA1 1
   321,       Plant_pref REPCA1 1,                  $P_{ref}$ REPCA1 1
   322,            Plerr REPCA1 1,                 $P_{lerr}$ REPCA1 1
   323,             Perr REPCA1 1,                  $P_{err}$ REPCA1 1
   324,            s5_ys REPCA1 1,                 $ys_{s_5}$ REPCA1 1
   325,             s5_y REPCA1 1,                  $y_{s_5}$ REPCA1 1
