     0,                  Time [s],                            Time [s]
     1,            delta GENROU 1,                   $\delta$ GENROU 1
     2,            delta GENROU 2,                   $\delta$ GENROU 2
     3,            delta GENROU 3,                   $\delta$ GENROU 3
     4,            delta GENROU 4,                   $\delta$ GENROU 4
     5,            delta GENROU 5,                   $\delta$ GENROU 5
     6,            omega GENROU 1,                   $\omega$ GENROU 1
     7,            omega GENROU 2,                   $\omega$ GENROU 2
     8,            omega GENROU 3,                   $\omega$ GENROU 3
     9,            omega GENROU 4,                   $\omega$ GENROU 4
    10,            omega GENROU 5,                   $\omega$ GENROU 5
    11,              e1q GENROU 1,                   ${e'_q}$ GENROU 1
    12,              e1q GENROU 2,                   ${e'_q}$ GENROU 2
    13,              e1q GENROU 3,                   ${e'_q}$ GENROU 3
    14,              e1q GENROU 4,                   ${e'_q}$ GENROU 4
    15,              e1q GENROU 5,                   ${e'_q}$ GENROU 5
    16,              e1d GENROU 1,                   ${e'_d}$ GENROU 1
    17,              e1d GENROU 2,                   ${e'_d}$ GENROU 2
    18,              e1d GENROU 3,                   ${e'_d}$ GENROU 3
    19,              e1d GENROU 4,                   ${e'_d}$ GENROU 4
    20,              e1d GENROU 5,                   ${e'_d}$ GENROU 5
    21,              e2d GENROU 1,                  ${e''_d}$ GENROU 1
    22,              e2d GENROU 2,                  ${e''_d}$ GENROU 2
    23,              e2d GENROU 3,                  ${e''_d}$ GENROU 3
    24,              e2d GENROU 4,                  ${e''_d}$ GENROU 4
    25,              e2d GENROU 5,                  ${e''_d}$ GENROU 5
    26,              e2q GENROU 1,                  ${e''_q}$ GENROU 1
    27,              e2q GENROU 2,                  ${e''_q}$ GENROU 2
    28,              e2q GENROU 3,                  ${e''_q}$ GENROU 3
    29,              e2q GENROU 4,                  ${e''_q}$ GENROU 4
    30,              e2q GENROU 5,                  ${e''_q}$ GENROU 5
    31,             LAG_y TGOV1 1,                   $y_{LAG}$ TGOV1 1
    32,             LAG_y TGOV1 2,                   $y_{LAG}$ TGOV1 2
    33,             LAG_y TGOV1 3,                   $y_{LAG}$ TGOV1 3
    34,             LAG_y TGOV1 4,                   $y_{LAG}$ TGOV1 4
    35,             LAG_y TGOV1 5,                   $y_{LAG}$ TGOV1 5
    36,              LL_x TGOV1 1,                   $x'_{LL}$ TGOV1 1
    37,              LL_x TGOV1 2,                   $x'_{LL}$ TGOV1 2
    38,              LL_x TGOV1 3,                   $x'_{LL}$ TGOV1 3
    39,              LL_x TGOV1 4,                   $x'_{LL}$ TGOV1 4
    40,              LL_x TGOV1 5,                   $x'_{LL}$ TGOV1 5
    41,              LG_y EXST1 1,                    $y_{LG}$ EXST1 1
    42,              LL_x EXST1 1,                   $x'_{LL}$ EXST1 1
    43,              LR_y EXST1 1,                    $y_{LR}$ EXST1 1
    44,              WF_x EXST1 1,                   $x'_{WF}$ EXST1 1
    45,             LG_y ESST3A 2,                   $y_{LG}$ ESST3A 2
    46,             LG_y ESST3A 3,                   $y_{LG}$ ESST3A 3
    47,             LG_y ESST3A 4,                   $y_{LG}$ ESST3A 4
    48,             LG_y ESST3A 5,                   $y_{LG}$ ESST3A 5
    49,             LL_x ESST3A 2,                  $x'_{LL}$ ESST3A 2
    50,             LL_x ESST3A 3,                  $x'_{LL}$ ESST3A 3
    51,             LL_x ESST3A 4,                  $x'_{LL}$ ESST3A 4
    52,             LL_x ESST3A 5,                  $x'_{LL}$ ESST3A 5
    53,           LAW1_y ESST3A 2,                 $y_{LAW1}$ ESST3A 2
    54,           LAW1_y ESST3A 3,                 $y_{LAW1}$ ESST3A 3
    55,           LAW1_y ESST3A 4,                 $y_{LAW1}$ ESST3A 4
    56,           LAW1_y ESST3A 5,                 $y_{LAW1}$ ESST3A 5
    57,           LAW2_y ESST3A 2,                 $y_{LAW2}$ ESST3A 2
    58,           LAW2_y ESST3A 3,                 $y_{LAW2}$ ESST3A 3
    59,           LAW2_y ESST3A 4,                 $y_{LAW2}$ ESST3A 4
    60,           LAW2_y ESST3A 5,                 $y_{LAW2}$ ESST3A 5
    61,             L_y BusFreq 1,                   $y_{L}$ BusFreq 1
    62,             L_y BusFreq 2,                   $y_{L}$ BusFreq 2
    63,             L_y BusFreq 3,                   $y_{L}$ BusFreq 3
    64,            WO_x BusFreq 1,                 $x'_{WO}$ BusFreq 1
    65,            WO_x BusFreq 2,                 $x'_{WO}$ BusFreq 2
    66,            WO_x BusFreq 3,                 $x'_{WO}$ BusFreq 3
    67,                   a Bus 1,                      $\theta$ Bus 1
    68,                   a Bus 2,                      $\theta$ Bus 2
    69,                   a Bus 3,                      $\theta$ Bus 3
    70,                   a Bus 4,                      $\theta$ Bus 4
    71,                   a Bus 5,                      $\theta$ Bus 5
    72,                   a Bus 6,                      $\theta$ Bus 6
    73,                   a Bus 7,                      $\theta$ Bus 7
    74,                   a Bus 8,                      $\theta$ Bus 8
    75,                   a Bus 9,                      $\theta$ Bus 9
    76,                  a Bus 10,                     $\theta$ Bus 10
    77,                  a Bus 11,                     $\theta$ Bus 11
    78,                  a Bus 12,                     $\theta$ Bus 12
    79,                  a Bus 13,                     $\theta$ Bus 13
    80,                  a Bus 14,                     $\theta$ Bus 14
    81,                   v Bus 1,                           $V$ Bus 1
    82,                   v Bus 2,                           $V$ Bus 2
    83,                   v Bus 3,                           $V$ Bus 3
    84,                   v Bus 4,                           $V$ Bus 4
    85,                   v Bus 5,                           $V$ Bus 5
    86,                   v Bus 6,                           $V$ Bus 6
    87,                   v Bus 7,                           $V$ Bus 7
    88,                   v Bus 8,                           $V$ Bus 8
    89,                   v Bus 9,                           $V$ Bus 9
    90,                  v Bus 10,                          $V$ Bus 10
    91,                  v Bus 11,                          $V$ Bus 11
    92,                  v Bus 12,                          $V$ Bus 12
    93,                  v Bus 13,                          $V$ Bus 13
    94,                  v Bus 14,                          $V$ Bus 14
    95,                    q PV 2,                            $q$ PV 2
    96,                    q PV 3,                            $q$ PV 3
    97,                    q PV 4,                            $q$ PV 4
    98,                    q PV 5,                            $q$ PV 5
    99,                 q Slack 1,                         $q$ Slack 1
   100,                 p Slack 1,                         $p$ Slack 1
   101,               Id GENROU 1,                      $I_d$ GENROU 1
   102,               Id GENROU 2,                      $I_d$ GENROU 2
   103,               Id GENROU 3,                      $I_d$ GENROU 3
   104,               Id GENROU 4,                      $I_d$ GENROU 4
   105,               Id GENROU 5,                      $I_d$ GENROU 5
   106,               Iq GENROU 1,                      $I_q$ GENROU 1
   107,               Iq GENROU 2,                      $I_q$ GENROU 2
   108,               Iq GENROU 3,                      $I_q$ GENROU 3
   109,               Iq GENROU 4,                      $I_q$ GENROU 4
   110,               Iq GENROU 5,                      $I_q$ GENROU 5
   111,               vd GENROU 1,                      $V_d$ GENROU 1
   112,               vd GENROU 2,                      $V_d$ GENROU 2
   113,               vd GENROU 3,                      $V_d$ GENROU 3
   114,               vd GENROU 4,                      $V_d$ GENROU 4
   115,               vd GENROU 5,                      $V_d$ GENROU 5
   116,               vq GENROU 1,                      $V_q$ GENROU 1
   117,               vq GENROU 2,                      $V_q$ GENROU 2
   118,               vq GENROU 3,                      $V_q$ GENROU 3
   119,               vq GENROU 4,                      $V_q$ GENROU 4
   120,               vq GENROU 5,                      $V_q$ GENROU 5
   121,               tm GENROU 1,                   $\tau_m$ GENROU 1
   122,               tm GENROU 2,                   $\tau_m$ GENROU 2
   123,               tm GENROU 3,                   $\tau_m$ GENROU 3
   124,               tm GENROU 4,                   $\tau_m$ GENROU 4
   125,               tm GENROU 5,                   $\tau_m$ GENROU 5
   126,               te GENROU 1,                   $\tau_e$ GENROU 1
   127,               te GENROU 2,                   $\tau_e$ GENROU 2
   128,               te GENROU 3,                   $\tau_e$ GENROU 3
   129,               te GENROU 4,                   $\tau_e$ GENROU 4
   130,               te GENROU 5,                   $\tau_e$ GENROU 5
   131,               vf GENROU 1,                      $v_f$ GENROU 1
   132,               vf GENROU 2,                      $v_f$ GENROU 2
   133,               vf GENROU 3,                      $v_f$ GENROU 3
   134,               vf GENROU 4,                      $v_f$ GENROU 4
   135,               vf GENROU 5,                      $v_f$ GENROU 5
   136,           XadIfd GENROU 1,             $X_{ad}I_{fd}$ GENROU 1
   137,           XadIfd GENROU 2,             $X_{ad}I_{fd}$ GENROU 2
   138,           XadIfd GENROU 3,             $X_{ad}I_{fd}$ GENROU 3
   139,           XadIfd GENROU 4,             $X_{ad}I_{fd}$ GENROU 4
   140,           XadIfd GENROU 5,             $X_{ad}I_{fd}$ GENROU 5
   141,               Pe GENROU 1,                      $P_e$ GENROU 1
   142,               Pe GENROU 2,                      $P_e$ GENROU 2
   143,               Pe GENROU 3,                      $P_e$ GENROU 3
   144,               Pe GENROU 4,                      $P_e$ GENROU 4
   145,               Pe GENROU 5,                      $P_e$ GENROU 5
   146,               Qe GENROU 1,                      $Q_e$ GENROU 1
   147,               Qe GENROU 2,                      $Q_e$ GENROU 2
   148,               Qe GENROU 3,                      $Q_e$ GENROU 3
   149,               Qe GENROU 4,                      $Q_e$ GENROU 4
   150,               Qe GENROU 5,                      $Q_e$ GENROU 5
   151,             psid GENROU 1,                   $\psi_d$ GENROU 1
   152,             psid GENROU 2,                   $\psi_d$ GENROU 2
   153,             psid GENROU 3,                   $\psi_d$ GENROU 3
   154,             psid GENROU 4,                   $\psi_d$ GENROU 4
   155,             psid GENROU 5,                   $\psi_d$ GENROU 5
   156,             psiq GENROU 1,                   $\psi_q$ GENROU 1
   157,             psiq GENROU 2,                   $\psi_q$ GENROU 2
   158,             psiq GENROU 3,                   $\psi_q$ GENROU 3
   159,             psiq GENROU 4,                   $\psi_q$ GENROU 4
   160,             psiq GENROU 5,                   $\psi_q$ GENROU 5
   161,            psi2q GENROU 1,                $\psi_{aq}$ GENROU 1
   162,            psi2q GENROU 2,                $\psi_{aq}$ GENROU 2
   163,            psi2q GENROU 3,                $\psi_{aq}$ GENROU 3
   164,            psi2q GENROU 4,                $\psi_{aq}$ GENROU 4
   165,            psi2q GENROU 5,                $\psi_{aq}$ GENROU 5
   166,            psi2d GENROU 1,                $\psi_{ad}$ GENROU 1
   167,            psi2d GENROU 2,                $\psi_{ad}$ GENROU 2
   168,            psi2d GENROU 3,                $\psi_{ad}$ GENROU 3
   169,            psi2d GENROU 4,                $\psi_{ad}$ GENROU 4
   170,            psi2d GENROU 5,                $\psi_{ad}$ GENROU 5
   171,             psi2 GENROU 1,                   $\psi_a$ GENROU 1
   172,             psi2 GENROU 2,                   $\psi_a$ GENROU 2
   173,             psi2 GENROU 3,                   $\psi_a$ GENROU 3
   174,             psi2 GENROU 4,                   $\psi_a$ GENROU 4
   175,             psi2 GENROU 5,                   $\psi_a$ GENROU 5
   176,               Se GENROU 1,          $S_e(|\psi_{a}|)$ GENROU 1
   177,               Se GENROU 2,          $S_e(|\psi_{a}|)$ GENROU 2
   178,               Se GENROU 3,          $S_e(|\psi_{a}|)$ GENROU 3
   179,               Se GENROU 4,          $S_e(|\psi_{a}|)$ GENROU 4
   180,               Se GENROU 5,          $S_e(|\psi_{a}|)$ GENROU 5
   181,           XaqI1q GENROU 1,             $X_{aq}I_{1q}$ GENROU 1
   182,           XaqI1q GENROU 2,             $X_{aq}I_{1q}$ GENROU 2
   183,           XaqI1q GENROU 3,             $X_{aq}I_{1q}$ GENROU 3
   184,           XaqI1q GENROU 4,             $X_{aq}I_{1q}$ GENROU 4
   185,           XaqI1q GENROU 5,             $X_{aq}I_{1q}$ GENROU 5
   186,              paux TGOV1 1,                   $P_{aux}$ TGOV1 1
   187,              paux TGOV1 2,                   $P_{aux}$ TGOV1 2
   188,              paux TGOV1 3,                   $P_{aux}$ TGOV1 3
   189,              paux TGOV1 4,                   $P_{aux}$ TGOV1 4
   190,              paux TGOV1 5,                   $P_{aux}$ TGOV1 5
   191,              pout TGOV1 1,                   $P_{out}$ TGOV1 1
   192,              pout TGOV1 2,                   $P_{out}$ TGOV1 2
   193,              pout TGOV1 3,                   $P_{out}$ TGOV1 3
   194,              pout TGOV1 4,                   $P_{out}$ TGOV1 4
   195,              pout TGOV1 5,                   $P_{out}$ TGOV1 5
   196,              wref TGOV1 1,              $\omega_{ref}$ TGOV1 1
   197,              wref TGOV1 2,              $\omega_{ref}$ TGOV1 2
   198,              wref TGOV1 3,              $\omega_{ref}$ TGOV1 3
   199,              wref TGOV1 4,              $\omega_{ref}$ TGOV1 4
   200,              wref TGOV1 5,              $\omega_{ref}$ TGOV1 5
   201,              pref TGOV1 1,                   $P_{ref}$ TGOV1 1
   202,              pref TGOV1 2,                   $P_{ref}$ TGOV1 2
   203,              pref TGOV1 3,                   $P_{ref}$ TGOV1 3
   204,              pref TGOV1 4,                   $P_{ref}$ TGOV1 4
   205,              pref TGOV1 5,                   $P_{ref}$ TGOV1 5
   206,                wd TGOV1 1,              $\omega_{dev}$ TGOV1 1
   207,                wd TGOV1 2,              $\omega_{dev}$ TGOV1 2
   208,                wd TGOV1 3,              $\omega_{dev}$ TGOV1 3
   209,                wd TGOV1 4,              $\omega_{dev}$ TGOV1 4
   210,                wd TGOV1 5,              $\omega_{dev}$ TGOV1 5
   211,                pd TGOV1 1,                       $P_d$ TGOV1 1
   212,                pd TGOV1 2,                       $P_d$ TGOV1 2
   213,                pd TGOV1 3,                       $P_d$ TGOV1 3
   214,                pd TGOV1 4,                       $P_d$ TGOV1 4
   215,                pd TGOV1 5,                       $P_d$ TGOV1 5
   216,              LL_y TGOV1 1,                    $y_{LL}$ TGOV1 1
   217,              LL_y TGOV1 2,                    $y_{LL}$ TGOV1 2
   218,              LL_y TGOV1 3,                    $y_{LL}$ TGOV1 3
   219,              LL_y TGOV1 4,                    $y_{LL}$ TGOV1 4
   220,              LL_y TGOV1 5,                    $y_{LL}$ TGOV1 5
   221,                 v EXST1 1,                  $E_{term}$ EXST1 1
   222,              vout EXST1 1,                   $v_{out}$ EXST1 1
   223,              vref EXST1 1,                   $V_{ref}$ EXST1 1
   224,                vi EXST1 1,                       $V_i$ EXST1 1
   225,                vl EXST1 1,                       $V_l$ EXST1 1
   226,              LL_y EXST1 1,                    $y_{LL}$ EXST1 1
   227,              WF_y EXST1 1,                    $y_{WF}$ EXST1 1
   228,             vfmax EXST1 1,                  $V_{fmax}$ EXST1 1
   229,             vfmin EXST1 1,                  $V_{fmin}$ EXST1 1
   230,                v ESST3A 2,                 $E_{term}$ ESST3A 2
   231,                v ESST3A 3,                 $E_{term}$ ESST3A 3
   232,                v ESST3A 4,                 $E_{term}$ ESST3A 4
   233,                v ESST3A 5,                 $E_{term}$ ESST3A 5
   234,             vout ESST3A 2,                  $v_{out}$ ESST3A 2
   235,             vout ESST3A 3,                  $v_{out}$ ESST3A 3
   236,             vout ESST3A 4,                  $v_{out}$ ESST3A 4
   237,             vout ESST3A 5,                  $v_{out}$ ESST3A 5
   238,              UEL ESST3A 2,                   $U_{EL}$ ESST3A 2
   239,              UEL ESST3A 3,                   $U_{EL}$ ESST3A 3
   240,              UEL ESST3A 4,                   $U_{EL}$ ESST3A 4
   241,              UEL ESST3A 5,                   $U_{EL}$ ESST3A 5
   242,               IN ESST3A 2,                      $I_N$ ESST3A 2
   243,               IN ESST3A 3,                      $I_N$ ESST3A 3
   244,               IN ESST3A 4,                      $I_N$ ESST3A 4
   245,               IN ESST3A 5,                      $I_N$ ESST3A 5
   246,            FEX_y ESST3A 2,                  $y_{FEX}$ ESST3A 2
   247,            FEX_y ESST3A 3,                  $y_{FEX}$ ESST3A 3
   248,            FEX_y ESST3A 4,                  $y_{FEX}$ ESST3A 4
   249,            FEX_y ESST3A 5,                  $y_{FEX}$ ESST3A 5
   250,             VB_x ESST3A 2,                   $x_{VB}$ ESST3A 2
   251,             VB_x ESST3A 3,                   $x_{VB}$ ESST3A 3
   252,             VB_x ESST3A 4,                   $x_{VB}$ ESST3A 4
   253,             VB_x ESST3A 5,                   $x_{VB}$ ESST3A 5
   254,             VB_y ESST3A 2,                   $y_{VB}$ ESST3A 2
   255,             VB_y ESST3A 3,                   $y_{VB}$ ESST3A 3
   256,             VB_y ESST3A 4,                   $y_{VB}$ ESST3A 4
   257,             VB_y ESST3A 5,                   $y_{VB}$ ESST3A 5
   258,             VG_x ESST3A 2,                   $x_{VG}$ ESST3A 2
   259,             VG_x ESST3A 3,                   $x_{VG}$ ESST3A 3
   260,             VG_x ESST3A 4,                   $x_{VG}$ ESST3A 4
   261,             VG_x ESST3A 5,                   $x_{VG}$ ESST3A 5
   262,             VG_y ESST3A 2,                   $y_{VG}$ ESST3A 2
   263,             VG_y ESST3A 3,                   $y_{VG}$ ESST3A 3
   264,             VG_y ESST3A 4,                   $y_{VG}$ ESST3A 4
   265,             VG_y ESST3A 5,                   $y_{VG}$ ESST3A 5
   266,              vrs ESST3A 2,                   $V_{RS}$ ESST3A 2
   267,              vrs ESST3A 3,                   $V_{RS}$ ESST3A 3
   268,              vrs ESST3A 4,                   $V_{RS}$ ESST3A 4
   269,              vrs ESST3A 5,                   $V_{RS}$ ESST3A 5
   270,             vref ESST3A 2,                  $V_{ref}$ ESST3A 2
   271,             vref ESST3A 3,                  $V_{ref}$ ESST3A 3
   272,             vref ESST3A 4,                  $V_{ref}$ ESST3A 4
   273,             vref ESST3A 5,                  $V_{ref}$ ESST3A 5
   274,               vi ESST3A 2,                      $V_i$ ESST3A 2
   275,               vi ESST3A 3,                      $V_i$ ESST3A 3
   276,               vi ESST3A 4,                      $V_i$ ESST3A 4
   277,               vi ESST3A 5,                      $V_i$ ESST3A 5
   278,              vil ESST3A 2,                   $V_{il}$ ESST3A 2
   279,              vil ESST3A 3,                   $V_{il}$ ESST3A 3
   280,              vil ESST3A 4,                   $V_{il}$ ESST3A 4
   281,              vil ESST3A 5,                   $V_{il}$ ESST3A 5
   282,             HG_y ESST3A 2,                   $y_{HG}$ ESST3A 2
   283,             HG_y ESST3A 3,                   $y_{HG}$ ESST3A 3
   284,             HG_y ESST3A 4,                   $y_{HG}$ ESST3A 4
   285,             HG_y ESST3A 5,                   $y_{HG}$ ESST3A 5
   286,             LL_y ESST3A 2,                   $y_{LL}$ ESST3A 2
   287,             LL_y ESST3A 3,                   $y_{LL}$ ESST3A 3
   288,             LL_y ESST3A 4,                   $y_{LL}$ ESST3A 4
   289,             LL_y ESST3A 5,                   $y_{LL}$ ESST3A 5
   290,            WO_y BusFreq 1,                  $y_{WO}$ BusFreq 1
   291,            WO_y BusFreq 2,                  $y_{WO}$ BusFreq 2
   292,            WO_y BusFreq 3,                  $y_{WO}$ BusFreq 3
   293,               f BusFreq 1,                       $f$ BusFreq 1
   294,               f BusFreq 2,                       $f$ BusFreq 2
   295,               f BusFreq 3,                       $f$ BusFreq 3
