     0,                  Time [s],                            Time [s]
     1,            delta GENROU 1,                   $\delta$ GENROU 1
     2,            delta GENROU 2,                   $\delta$ GENROU 2
     3,            delta GENROU 3,                   $\delta$ GENROU 3
     4,            delta GENROU 4,                   $\delta$ GENROU 4
     5,            delta GENROU 5,                   $\delta$ GENROU 5
     6,            omega GENROU 1,                   $\omega$ GENROU 1
     7,            omega GENROU 2,                   $\omega$ GENROU 2
     8,            omega GENROU 3,                   $\omega$ GENROU 3
     9,            omega GENROU 4,                   $\omega$ GENROU 4
    10,            omega GENROU 5,                   $\omega$ GENROU 5
    11,              e1q GENROU 1,                   ${e'_q}$ GENROU 1
    12,              e1q GENROU 2,                   ${e'_q}$ GENROU 2
    13,              e1q GENROU 3,                   ${e'_q}$ GENROU 3
    14,              e1q GENROU 4,                   ${e'_q}$ GENROU 4
    15,              e1q GENROU 5,                   ${e'_q}$ GENROU 5
    16,              e1d GENROU 1,                   ${e'_d}$ GENROU 1
    17,              e1d GENROU 2,                   ${e'_d}$ GENROU 2
    18,              e1d GENROU 3,                   ${e'_d}$ GENROU 3
    19,              e1d GENROU 4,                   ${e'_d}$ GENROU 4
    20,              e1d GENROU 5,                   ${e'_d}$ GENROU 5
    21,              e2d GENROU 1,                  ${e''_d}$ GENROU 1
    22,              e2d GENROU 2,                  ${e''_d}$ GENROU 2
    23,              e2d GENROU 3,                  ${e''_d}$ GENROU 3
    24,              e2d GENROU 4,                  ${e''_d}$ GENROU 4
    25,              e2d GENROU 5,                  ${e''_d}$ GENROU 5
    26,              e2q GENROU 1,                  ${e''_q}$ GENROU 1
    27,              e2q GENROU 2,                  ${e''_q}$ GENROU 2
    28,              e2q GENROU 3,                  ${e''_q}$ GENROU 3
    29,              e2q GENROU 4,                  ${e''_q}$ GENROU 4
    30,              e2q GENROU 5,                  ${e''_q}$ GENROU 5
    31,             LAG_y TGOV1 1,                   $y_{LAG}$ TGOV1 1
    32,             LAG_y TGOV1 2,                   $y_{LAG}$ TGOV1 2
    33,             LAG_y TGOV1 3,                   $y_{LAG}$ TGOV1 3
    34,              LL_x TGOV1 1,                   $x'_{LL}$ TGOV1 1
    35,              LL_x TGOV1 2,                   $x'_{LL}$ TGOV1 2
    36,              LL_x TGOV1 3,                   $x'_{LL}$ TGOV1 3
    37,             LL_x IEEEG1 4,                  $x'_{LL}$ IEEEG1 4
    38,             LL_x IEEEG1 5,                  $x'_{LL}$ IEEEG1 5
    39,            IAW_y IEEEG1 4,                  $y_{IAW}$ IEEEG1 4
    40,            IAW_y IEEEG1 5,                  $y_{IAW}$ IEEEG1 5
    41,             L4_y IEEEG1 4,                   $y_{L4}$ IEEEG1 4
    42,             L4_y IEEEG1 5,                   $y_{L4}$ IEEEG1 5
    43,             L5_y IEEEG1 4,                   $y_{L5}$ IEEEG1 4
    44,             L5_y IEEEG1 5,                   $y_{L5}$ IEEEG1 5
    45,             L6_y IEEEG1 4,                   $y_{L6}$ IEEEG1 4
    46,             L6_y IEEEG1 5,                   $y_{L6}$ IEEEG1 5
    47,             L7_y IEEEG1 4,                   $y_{L7}$ IEEEG1 4
    48,             L7_y IEEEG1 5,                   $y_{L7}$ IEEEG1 5
    49,              LG_y EXST1 1,                    $y_{LG}$ EXST1 1
    50,              LL_x EXST1 1,                   $x'_{LL}$ EXST1 1
    51,              LR_y EXST1 1,                    $y_{LR}$ EXST1 1
    52,              WF_x EXST1 1,                   $x'_{WF}$ EXST1 1
    53,             LG_y ESST3A 2,                   $y_{LG}$ ESST3A 2
    54,             LG_y ESST3A 3,                   $y_{LG}$ ESST3A 3
    55,             LG_y ESST3A 4,                   $y_{LG}$ ESST3A 4
    56,             LG_y ESST3A 5,                   $y_{LG}$ ESST3A 5
    57,             LL_x ESST3A 2,                  $x'_{LL}$ ESST3A 2
    58,             LL_x ESST3A 3,                  $x'_{LL}$ ESST3A 3
    59,             LL_x ESST3A 4,                  $x'_{LL}$ ESST3A 4
    60,             LL_x ESST3A 5,                  $x'_{LL}$ ESST3A 5
    61,           LAW1_y ESST3A 2,                 $y_{LAW1}$ ESST3A 2
    62,           LAW1_y ESST3A 3,                 $y_{LAW1}$ ESST3A 3
    63,           LAW1_y ESST3A 4,                 $y_{LAW1}$ ESST3A 4
    64,           LAW1_y ESST3A 5,                 $y_{LAW1}$ ESST3A 5
    65,           LAW2_y ESST3A 2,                 $y_{LAW2}$ ESST3A 2
    66,           LAW2_y ESST3A 3,                 $y_{LAW2}$ ESST3A 3
    67,           LAW2_y ESST3A 4,                 $y_{LAW2}$ ESST3A 4
    68,           LAW2_y ESST3A 5,                 $y_{LAW2}$ ESST3A 5
    69,             F1_x IEEEST 1,                  $x'_{F1}$ IEEEST 1
    70,             F1_y IEEEST 1,                   $y_{F1}$ IEEEST 1
    71,            F2_x1 IEEEST 1,                  $x'_{F2}$ IEEEST 1
    72,            F2_x2 IEEEST 1,                 $x''_{F2}$ IEEEST 1
    73,            LL1_x IEEEST 1,                 $x'_{LL1}$ IEEEST 1
    74,            LL2_x IEEEST 1,                 $x'_{LL2}$ IEEEST 1
    75,             WO_x IEEEST 1,                  $x'_{WO}$ IEEEST 1
    76,             L1_y ST2CUT 2,                   $y_{L1}$ ST2CUT 2
    77,             L1_y ST2CUT 3,                   $y_{L1}$ ST2CUT 3
    78,             L2_y ST2CUT 2,                   $y_{L2}$ ST2CUT 2
    79,             L2_y ST2CUT 3,                   $y_{L2}$ ST2CUT 3
    80,             WO_x ST2CUT 2,                  $x'_{WO}$ ST2CUT 2
    81,             WO_x ST2CUT 3,                  $x'_{WO}$ ST2CUT 3
    82,            LL1_x ST2CUT 2,                 $x'_{LL1}$ ST2CUT 2
    83,            LL1_x ST2CUT 3,                 $x'_{LL1}$ ST2CUT 3
    84,            LL2_x ST2CUT 2,                 $x'_{LL2}$ ST2CUT 2
    85,            LL2_x ST2CUT 3,                 $x'_{LL2}$ ST2CUT 3
    86,            LL3_x ST2CUT 2,                 $x'_{LL3}$ ST2CUT 2
    87,            LL3_x ST2CUT 3,                 $x'_{LL3}$ ST2CUT 3
    88,             L_y BusFreq 1,                   $y_{L}$ BusFreq 1
    89,             L_y BusFreq 2,                   $y_{L}$ BusFreq 2
    90,             L_y BusFreq 3,                   $y_{L}$ BusFreq 3
    91,             L_y BusFreq 4,                   $y_{L}$ BusFreq 4
    92,            WO_x BusFreq 1,                 $x'_{WO}$ BusFreq 1
    93,            WO_x BusFreq 2,                 $x'_{WO}$ BusFreq 2
    94,            WO_x BusFreq 3,                 $x'_{WO}$ BusFreq 3
    95,            WO_x BusFreq 4,                 $x'_{WO}$ BusFreq 4
    96,            Ipout_y PVD1 1,                  $y_{Ipout}$ PVD1 1
    97,            Ipout_y PVD1 2,                  $y_{Ipout}$ PVD1 2
    98,            Ipout_y PVD1 3,                  $y_{Ipout}$ PVD1 3
    99,            Ipout_y PVD1 4,                  $y_{Ipout}$ PVD1 4
   100,            Ipout_y PVD1 5,                  $y_{Ipout}$ PVD1 5
   101,            Ipout_y PVD1 6,                  $y_{Ipout}$ PVD1 6
   102,            Ipout_y PVD1 7,                  $y_{Ipout}$ PVD1 7
   103,            Ipout_y PVD1 8,                  $y_{Ipout}$ PVD1 8
   104,            Ipout_y PVD1 9,                  $y_{Ipout}$ PVD1 9
   105,           Ipout_y PVD1 10,                 $y_{Ipout}$ PVD1 10
   106,            Iqout_y PVD1 1,                  $y_{Iqout}$ PVD1 1
   107,            Iqout_y PVD1 2,                  $y_{Iqout}$ PVD1 2
   108,            Iqout_y PVD1 3,                  $y_{Iqout}$ PVD1 3
   109,            Iqout_y PVD1 4,                  $y_{Iqout}$ PVD1 4
   110,            Iqout_y PVD1 5,                  $y_{Iqout}$ PVD1 5
   111,            Iqout_y PVD1 6,                  $y_{Iqout}$ PVD1 6
   112,            Iqout_y PVD1 7,                  $y_{Iqout}$ PVD1 7
   113,            Iqout_y PVD1 8,                  $y_{Iqout}$ PVD1 8
   114,            Iqout_y PVD1 9,                  $y_{Iqout}$ PVD1 9
   115,           Iqout_y PVD1 10,                 $y_{Iqout}$ PVD1 10
   116,                   a Bus 1,                      $\theta$ Bus 1
   117,                   a Bus 2,                      $\theta$ Bus 2
   118,                   a Bus 3,                      $\theta$ Bus 3
   119,                   a Bus 4,                      $\theta$ Bus 4
   120,                   a Bus 5,                      $\theta$ Bus 5
   121,                   a Bus 6,                      $\theta$ Bus 6
   122,                   a Bus 7,                      $\theta$ Bus 7
   123,                   a Bus 8,                      $\theta$ Bus 8
   124,                   a Bus 9,                      $\theta$ Bus 9
   125,                  a Bus 10,                     $\theta$ Bus 10
   126,                  a Bus 11,                     $\theta$ Bus 11
   127,                  a Bus 12,                     $\theta$ Bus 12
   128,                  a Bus 13,                     $\theta$ Bus 13
   129,                  a Bus 14,                     $\theta$ Bus 14
   130,                   v Bus 1,                           $V$ Bus 1
   131,                   v Bus 2,                           $V$ Bus 2
   132,                   v Bus 3,                           $V$ Bus 3
   133,                   v Bus 4,                           $V$ Bus 4
   134,                   v Bus 5,                           $V$ Bus 5
   135,                   v Bus 6,                           $V$ Bus 6
   136,                   v Bus 7,                           $V$ Bus 7
   137,                   v Bus 8,                           $V$ Bus 8
   138,                   v Bus 9,                           $V$ Bus 9
   139,                  v Bus 10,                          $V$ Bus 10
   140,                  v Bus 11,                          $V$ Bus 11
   141,                  v Bus 12,                          $V$ Bus 12
   142,                  v Bus 13,                          $V$ Bus 13
   143,                  v Bus 14,                          $V$ Bus 14
   144,                    q PV 2,                            $q$ PV 2
   145,                    q PV 3,                            $q$ PV 3
   146,                    q PV 4,                            $q$ PV 4
   147,                    q PV 5,                            $q$ PV 5
   148,                    q PV 6,                            $q$ PV 6
   149,                 q Slack 1,                         $q$ Slack 1
   150,                 p Slack 1,                         $p$ Slack 1
   151,                ace ACEc 1,                        $ace$ ACEc 1
   152,               Id GENROU 1,                      $I_d$ GENROU 1
   153,               Id GENROU 2,                      $I_d$ GENROU 2
   154,               Id GENROU 3,                      $I_d$ GENROU 3
   155,               Id GENROU 4,                      $I_d$ GENROU 4
   156,               Id GENROU 5,                      $I_d$ GENROU 5
   157,               Iq GENROU 1,                      $I_q$ GENROU 1
   158,               Iq GENROU 2,                      $I_q$ GENROU 2
   159,               Iq GENROU 3,                      $I_q$ GENROU 3
   160,               Iq GENROU 4,                      $I_q$ GENROU 4
   161,               Iq GENROU 5,                      $I_q$ GENROU 5
   162,               vd GENROU 1,                      $V_d$ GENROU 1
   163,               vd GENROU 2,                      $V_d$ GENROU 2
   164,               vd GENROU 3,                      $V_d$ GENROU 3
   165,               vd GENROU 4,                      $V_d$ GENROU 4
   166,               vd GENROU 5,                      $V_d$ GENROU 5
   167,               vq GENROU 1,                      $V_q$ GENROU 1
   168,               vq GENROU 2,                      $V_q$ GENROU 2
   169,               vq GENROU 3,                      $V_q$ GENROU 3
   170,               vq GENROU 4,                      $V_q$ GENROU 4
   171,               vq GENROU 5,                      $V_q$ GENROU 5
   172,               tm GENROU 1,                   $\tau_m$ GENROU 1
   173,               tm GENROU 2,                   $\tau_m$ GENROU 2
   174,               tm GENROU 3,                   $\tau_m$ GENROU 3
   175,               tm GENROU 4,                   $\tau_m$ GENROU 4
   176,               tm GENROU 5,                   $\tau_m$ GENROU 5
   177,               te GENROU 1,                   $\tau_e$ GENROU 1
   178,               te GENROU 2,                   $\tau_e$ GENROU 2
   179,               te GENROU 3,                   $\tau_e$ GENROU 3
   180,               te GENROU 4,                   $\tau_e$ GENROU 4
   181,               te GENROU 5,                   $\tau_e$ GENROU 5
   182,               vf GENROU 1,                      $v_f$ GENROU 1
   183,               vf GENROU 2,                      $v_f$ GENROU 2
   184,               vf GENROU 3,                      $v_f$ GENROU 3
   185,               vf GENROU 4,                      $v_f$ GENROU 4
   186,               vf GENROU 5,                      $v_f$ GENROU 5
   187,           XadIfd GENROU 1,             $X_{ad}I_{fd}$ GENROU 1
   188,           XadIfd GENROU 2,             $X_{ad}I_{fd}$ GENROU 2
   189,           XadIfd GENROU 3,             $X_{ad}I_{fd}$ GENROU 3
   190,           XadIfd GENROU 4,             $X_{ad}I_{fd}$ GENROU 4
   191,           XadIfd GENROU 5,             $X_{ad}I_{fd}$ GENROU 5
   192,               Pe GENROU 1,                      $P_e$ GENROU 1
   193,               Pe GENROU 2,                      $P_e$ GENROU 2
   194,               Pe GENROU 3,                      $P_e$ GENROU 3
   195,               Pe GENROU 4,                      $P_e$ GENROU 4
   196,               Pe GENROU 5,                      $P_e$ GENROU 5
   197,               Qe GENROU 1,                      $Q_e$ GENROU 1
   198,               Qe GENROU 2,                      $Q_e$ GENROU 2
   199,               Qe GENROU 3,                      $Q_e$ GENROU 3
   200,               Qe GENROU 4,                      $Q_e$ GENROU 4
   201,               Qe GENROU 5,                      $Q_e$ GENROU 5
   202,             psid GENROU 1,                   $\psi_d$ GENROU 1
   203,             psid GENROU 2,                   $\psi_d$ GENROU 2
   204,             psid GENROU 3,                   $\psi_d$ GENROU 3
   205,             psid GENROU 4,                   $\psi_d$ GENROU 4
   206,             psid GENROU 5,                   $\psi_d$ GENROU 5
   207,             psiq GENROU 1,                   $\psi_q$ GENROU 1
   208,             psiq GENROU 2,                   $\psi_q$ GENROU 2
   209,             psiq GENROU 3,                   $\psi_q$ GENROU 3
   210,             psiq GENROU 4,                   $\psi_q$ GENROU 4
   211,             psiq GENROU 5,                   $\psi_q$ GENROU 5
   212,            psi2q GENROU 1,                $\psi_{aq}$ GENROU 1
   213,            psi2q GENROU 2,                $\psi_{aq}$ GENROU 2
   214,            psi2q GENROU 3,                $\psi_{aq}$ GENROU 3
   215,            psi2q GENROU 4,                $\psi_{aq}$ GENROU 4
   216,            psi2q GENROU 5,                $\psi_{aq}$ GENROU 5
   217,            psi2d GENROU 1,                $\psi_{ad}$ GENROU 1
   218,            psi2d GENROU 2,                $\psi_{ad}$ GENROU 2
   219,            psi2d GENROU 3,                $\psi_{ad}$ GENROU 3
   220,            psi2d GENROU 4,                $\psi_{ad}$ GENROU 4
   221,            psi2d GENROU 5,                $\psi_{ad}$ GENROU 5
   222,             psi2 GENROU 1,                   $\psi_a$ GENROU 1
   223,             psi2 GENROU 2,                   $\psi_a$ GENROU 2
   224,             psi2 GENROU 3,                   $\psi_a$ GENROU 3
   225,             psi2 GENROU 4,                   $\psi_a$ GENROU 4
   226,             psi2 GENROU 5,                   $\psi_a$ GENROU 5
   227,               Se GENROU 1,          $S_e(|\psi_{a}|)$ GENROU 1
   228,               Se GENROU 2,          $S_e(|\psi_{a}|)$ GENROU 2
   229,               Se GENROU 3,          $S_e(|\psi_{a}|)$ GENROU 3
   230,               Se GENROU 4,          $S_e(|\psi_{a}|)$ GENROU 4
   231,               Se GENROU 5,          $S_e(|\psi_{a}|)$ GENROU 5
   232,           XaqI1q GENROU 1,             $X_{aq}I_{1q}$ GENROU 1
   233,           XaqI1q GENROU 2,             $X_{aq}I_{1q}$ GENROU 2
   234,           XaqI1q GENROU 3,             $X_{aq}I_{1q}$ GENROU 3
   235,           XaqI1q GENROU 4,             $X_{aq}I_{1q}$ GENROU 4
   236,           XaqI1q GENROU 5,             $X_{aq}I_{1q}$ GENROU 5
   237,              paux TGOV1 1,                   $P_{aux}$ TGOV1 1
   238,              paux TGOV1 2,                   $P_{aux}$ TGOV1 2
   239,              paux TGOV1 3,                   $P_{aux}$ TGOV1 3
   240,              pout TGOV1 1,                   $P_{out}$ TGOV1 1
   241,              pout TGOV1 2,                   $P_{out}$ TGOV1 2
   242,              pout TGOV1 3,                   $P_{out}$ TGOV1 3
   243,              wref TGOV1 1,              $\omega_{ref}$ TGOV1 1
   244,              wref TGOV1 2,              $\omega_{ref}$ TGOV1 2
   245,              wref TGOV1 3,              $\omega_{ref}$ TGOV1 3
   246,              pref TGOV1 1,                   $P_{ref}$ TGOV1 1
   247,              pref TGOV1 2,                   $P_{ref}$ TGOV1 2
   248,              pref TGOV1 3,                   $P_{ref}$ TGOV1 3
   249,                wd TGOV1 1,              $\omega_{dev}$ TGOV1 1
   250,                wd TGOV1 2,              $\omega_{dev}$ TGOV1 2
   251,                wd TGOV1 3,              $\omega_{dev}$ TGOV1 3
   252,                pd TGOV1 1,                       $P_d$ TGOV1 1
   253,                pd TGOV1 2,                       $P_d$ TGOV1 2
   254,                pd TGOV1 3,                       $P_d$ TGOV1 3
   255,              LL_y TGOV1 1,                    $y_{LL}$ TGOV1 1
   256,              LL_y TGOV1 2,                    $y_{LL}$ TGOV1 2
   257,              LL_y TGOV1 3,                    $y_{LL}$ TGOV1 3
   258,             paux IEEEG1 4,                  $P_{aux}$ IEEEG1 4
   259,             paux IEEEG1 5,                  $P_{aux}$ IEEEG1 5
   260,             pout IEEEG1 4,                  $P_{out}$ IEEEG1 4
   261,             pout IEEEG1 5,                  $P_{out}$ IEEEG1 5
   262,             wref IEEEG1 4,             $\omega_{ref}$ IEEEG1 4
   263,             wref IEEEG1 5,             $\omega_{ref}$ IEEEG1 5
   264,               wd IEEEG1 4,             $\omega_{dev}$ IEEEG1 4
   265,               wd IEEEG1 5,             $\omega_{dev}$ IEEEG1 5
   266,             LL_y IEEEG1 4,                   $y_{LL}$ IEEEG1 4
   267,             LL_y IEEEG1 5,                   $y_{LL}$ IEEEG1 5
   268,               vs IEEEG1 4,                      $V_s$ IEEEG1 4
   269,               vs IEEEG1 5,                      $V_s$ IEEEG1 5
   270,              vsl IEEEG1 4,                   $V_{sl}$ IEEEG1 4
   271,              vsl IEEEG1 5,                   $V_{sl}$ IEEEG1 5
   272,              PHP IEEEG1 4,                   $P_{HP}$ IEEEG1 4
   273,              PHP IEEEG1 5,                   $P_{HP}$ IEEEG1 5
   274,              PLP IEEEG1 4,                   $P_{LP}$ IEEEG1 4
   275,              PLP IEEEG1 5,                   $P_{LP}$ IEEEG1 5
   276,                 v EXST1 1,                  $E_{term}$ EXST1 1
   277,              vout EXST1 1,                   $v_{out}$ EXST1 1
   278,              vref EXST1 1,                   $V_{ref}$ EXST1 1
   279,                vi EXST1 1,                       $V_i$ EXST1 1
   280,                vl EXST1 1,                       $V_l$ EXST1 1
   281,              LL_y EXST1 1,                    $y_{LL}$ EXST1 1
   282,              WF_y EXST1 1,                    $y_{WF}$ EXST1 1
   283,             vfmax EXST1 1,                  $V_{fmax}$ EXST1 1
   284,             vfmin EXST1 1,                  $V_{fmin}$ EXST1 1
   285,                v ESST3A 2,                 $E_{term}$ ESST3A 2
   286,                v ESST3A 3,                 $E_{term}$ ESST3A 3
   287,                v ESST3A 4,                 $E_{term}$ ESST3A 4
   288,                v ESST3A 5,                 $E_{term}$ ESST3A 5
   289,             vout ESST3A 2,                  $v_{out}$ ESST3A 2
   290,             vout ESST3A 3,                  $v_{out}$ ESST3A 3
   291,             vout ESST3A 4,                  $v_{out}$ ESST3A 4
   292,             vout ESST3A 5,                  $v_{out}$ ESST3A 5
   293,              UEL ESST3A 2,                   $U_{EL}$ ESST3A 2
   294,              UEL ESST3A 3,                   $U_{EL}$ ESST3A 3
   295,              UEL ESST3A 4,                   $U_{EL}$ ESST3A 4
   296,              UEL ESST3A 5,                   $U_{EL}$ ESST3A 5
   297,               IN ESST3A 2,                      $I_N$ ESST3A 2
   298,               IN ESST3A 3,                      $I_N$ ESST3A 3
   299,               IN ESST3A 4,                      $I_N$ ESST3A 4
   300,               IN ESST3A 5,                      $I_N$ ESST3A 5
   301,            FEX_y ESST3A 2,                  $y_{FEX}$ ESST3A 2
   302,            FEX_y ESST3A 3,                  $y_{FEX}$ ESST3A 3
   303,            FEX_y ESST3A 4,                  $y_{FEX}$ ESST3A 4
   304,            FEX_y ESST3A 5,                  $y_{FEX}$ ESST3A 5
   305,             VB_x ESST3A 2,                   $x_{VB}$ ESST3A 2
   306,             VB_x ESST3A 3,                   $x_{VB}$ ESST3A 3
   307,             VB_x ESST3A 4,                   $x_{VB}$ ESST3A 4
   308,             VB_x ESST3A 5,                   $x_{VB}$ ESST3A 5
   309,             VB_y ESST3A 2,                   $y_{VB}$ ESST3A 2
   310,             VB_y ESST3A 3,                   $y_{VB}$ ESST3A 3
   311,             VB_y ESST3A 4,                   $y_{VB}$ ESST3A 4
   312,             VB_y ESST3A 5,                   $y_{VB}$ ESST3A 5
   313,             VG_x ESST3A 2,                   $x_{VG}$ ESST3A 2
   314,             VG_x ESST3A 3,                   $x_{VG}$ ESST3A 3
   315,             VG_x ESST3A 4,                   $x_{VG}$ ESST3A 4
   316,             VG_x ESST3A 5,                   $x_{VG}$ ESST3A 5
   317,             VG_y ESST3A 2,                   $y_{VG}$ ESST3A 2
   318,             VG_y ESST3A 3,                   $y_{VG}$ ESST3A 3
   319,             VG_y ESST3A 4,                   $y_{VG}$ ESST3A 4
   320,             VG_y ESST3A 5,                   $y_{VG}$ ESST3A 5
   321,              vrs ESST3A 2,                   $V_{RS}$ ESST3A 2
   322,              vrs ESST3A 3,                   $V_{RS}$ ESST3A 3
   323,              vrs ESST3A 4,                   $V_{RS}$ ESST3A 4
   324,              vrs ESST3A 5,                   $V_{RS}$ ESST3A 5
   325,             vref ESST3A 2,                  $V_{ref}$ ESST3A 2
   326,             vref ESST3A 3,                  $V_{ref}$ ESST3A 3
   327,             vref ESST3A 4,                  $V_{ref}$ ESST3A 4
   328,             vref ESST3A 5,                  $V_{ref}$ ESST3A 5
   329,               vi ESST3A 2,                      $V_i$ ESST3A 2
   330,               vi ESST3A 3,                      $V_i$ ESST3A 3
   331,               vi ESST3A 4,                      $V_i$ ESST3A 4
   332,               vi ESST3A 5,                      $V_i$ ESST3A 5
   333,              vil ESST3A 2,                   $V_{il}$ ESST3A 2
   334,              vil ESST3A 3,                   $V_{il}$ ESST3A 3
   335,              vil ESST3A 4,                   $V_{il}$ ESST3A 4
   336,              vil ESST3A 5,                   $V_{il}$ ESST3A 5
   337,             HG_y ESST3A 2,                   $y_{HG}$ ESST3A 2
   338,             HG_y ESST3A 3,                   $y_{HG}$ ESST3A 3
   339,             HG_y ESST3A 4,                   $y_{HG}$ ESST3A 4
   340,             HG_y ESST3A 5,                   $y_{HG}$ ESST3A 5
   341,             LL_y ESST3A 2,                   $y_{LL}$ ESST3A 2
   342,             LL_y ESST3A 3,                   $y_{LL}$ ESST3A 3
   343,             LL_y ESST3A 4,                   $y_{LL}$ ESST3A 4
   344,             LL_y ESST3A 5,                   $y_{LL}$ ESST3A 5
   345,            vsout IEEEST 1,                 $v_{sout}$ IEEEST 1
   346,              sig IEEEST 1,                   $S_{ig}$ IEEEST 1
   347,             F2_y IEEEST 1,                   $y_{F2}$ IEEEST 1
   348,            LL1_y IEEEST 1,                  $y_{LL1}$ IEEEST 1
   349,            LL2_y IEEEST 1,                  $y_{LL2}$ IEEEST 1
   350,            Vks_y IEEEST 1,                  $y_{Vks}$ IEEEST 1
   351,             WO_y IEEEST 1,                   $y_{WO}$ IEEEST 1
   352,              Vss IEEEST 1,                   $V_{ss}$ IEEEST 1
   353,            vsout ST2CUT 2,                 $v_{sout}$ ST2CUT 2
   354,            vsout ST2CUT 3,                 $v_{sout}$ ST2CUT 3
   355,              sig ST2CUT 2,                   $S_{ig}$ ST2CUT 2
   356,              sig ST2CUT 3,                   $S_{ig}$ ST2CUT 3
   357,             sig2 ST2CUT 2,                  $S_{ig2}$ ST2CUT 2
   358,             sig2 ST2CUT 3,                  $S_{ig2}$ ST2CUT 3
   359,               IN ST2CUT 2,                      $I_N$ ST2CUT 2
   360,               IN ST2CUT 3,                      $I_N$ ST2CUT 3
   361,             WO_y ST2CUT 2,                   $y_{WO}$ ST2CUT 2
   362,             WO_y ST2CUT 3,                   $y_{WO}$ ST2CUT 3
   363,            LL1_y ST2CUT 2,                  $y_{LL1}$ ST2CUT 2
   364,            LL1_y ST2CUT 3,                  $y_{LL1}$ ST2CUT 3
   365,            LL2_y ST2CUT 2,                  $y_{LL2}$ ST2CUT 2
   366,            LL2_y ST2CUT 3,                  $y_{LL2}$ ST2CUT 3
   367,            LL3_y ST2CUT 2,                  $y_{LL3}$ ST2CUT 2
   368,            LL3_y ST2CUT 3,                  $y_{LL3}$ ST2CUT 3
   369,            VSS_x ST2CUT 2,                  $x_{VSS}$ ST2CUT 2
   370,            VSS_x ST2CUT 3,                  $x_{VSS}$ ST2CUT 3
   371,            VSS_y ST2CUT 2,                  $y_{VSS}$ ST2CUT 2
   372,            VSS_y ST2CUT 3,                  $y_{VSS}$ ST2CUT 3
   373,            WO_y BusFreq 1,                  $y_{WO}$ BusFreq 1
   374,            WO_y BusFreq 2,                  $y_{WO}$ BusFreq 2
   375,            WO_y BusFreq 3,                  $y_{WO}$ BusFreq 3
   376,            WO_y BusFreq 4,                  $y_{WO}$ BusFreq 4
   377,               f BusFreq 1,                       $f$ BusFreq 1
   378,               f BusFreq 2,                       $f$ BusFreq 2
   379,               f BusFreq 3,                       $f$ BusFreq 3
   380,               f BusFreq 4,                       $f$ BusFreq 4
   381,                fHz PVD1 1,                     $f_{Hz}$ PVD1 1
   382,                fHz PVD1 2,                     $f_{Hz}$ PVD1 2
   383,                fHz PVD1 3,                     $f_{Hz}$ PVD1 3
   384,                fHz PVD1 4,                     $f_{Hz}$ PVD1 4
   385,                fHz PVD1 5,                     $f_{Hz}$ PVD1 5
   386,                fHz PVD1 6,                     $f_{Hz}$ PVD1 6
   387,                fHz PVD1 7,                     $f_{Hz}$ PVD1 7
   388,                fHz PVD1 8,                     $f_{Hz}$ PVD1 8
   389,                fHz PVD1 9,                     $f_{Hz}$ PVD1 9
   390,               fHz PVD1 10,                    $f_{Hz}$ PVD1 10
   391,                Ffl PVD1 1,                     $F_{fl}$ PVD1 1
   392,                Ffl PVD1 2,                     $F_{fl}$ PVD1 2
   393,                Ffl PVD1 3,                     $F_{fl}$ PVD1 3
   394,                Ffl PVD1 4,                     $F_{fl}$ PVD1 4
   395,                Ffl PVD1 5,                     $F_{fl}$ PVD1 5
   396,                Ffl PVD1 6,                     $F_{fl}$ PVD1 6
   397,                Ffl PVD1 7,                     $F_{fl}$ PVD1 7
   398,                Ffl PVD1 8,                     $F_{fl}$ PVD1 8
   399,                Ffl PVD1 9,                     $F_{fl}$ PVD1 9
   400,               Ffl PVD1 10,                    $F_{fl}$ PVD1 10
   401,                Ffh PVD1 1,                     $F_{fh}$ PVD1 1
   402,                Ffh PVD1 2,                     $F_{fh}$ PVD1 2
   403,                Ffh PVD1 3,                     $F_{fh}$ PVD1 3
   404,                Ffh PVD1 4,                     $F_{fh}$ PVD1 4
   405,                Ffh PVD1 5,                     $F_{fh}$ PVD1 5
   406,                Ffh PVD1 6,                     $F_{fh}$ PVD1 6
   407,                Ffh PVD1 7,                     $F_{fh}$ PVD1 7
   408,                Ffh PVD1 8,                     $F_{fh}$ PVD1 8
   409,                Ffh PVD1 9,                     $F_{fh}$ PVD1 9
   410,               Ffh PVD1 10,                    $F_{fh}$ PVD1 10
   411,               Fdev PVD1 1,                    $f_{dev}$ PVD1 1
   412,               Fdev PVD1 2,                    $f_{dev}$ PVD1 2
   413,               Fdev PVD1 3,                    $f_{dev}$ PVD1 3
   414,               Fdev PVD1 4,                    $f_{dev}$ PVD1 4
   415,               Fdev PVD1 5,                    $f_{dev}$ PVD1 5
   416,               Fdev PVD1 6,                    $f_{dev}$ PVD1 6
   417,               Fdev PVD1 7,                    $f_{dev}$ PVD1 7
   418,               Fdev PVD1 8,                    $f_{dev}$ PVD1 8
   419,               Fdev PVD1 9,                    $f_{dev}$ PVD1 9
   420,              Fdev PVD1 10,                   $f_{dev}$ PVD1 10
   421,               DB_y PVD1 1,                     $y_{DB}$ PVD1 1
   422,               DB_y PVD1 2,                     $y_{DB}$ PVD1 2
   423,               DB_y PVD1 3,                     $y_{DB}$ PVD1 3
   424,               DB_y PVD1 4,                     $y_{DB}$ PVD1 4
   425,               DB_y PVD1 5,                     $y_{DB}$ PVD1 5
   426,               DB_y PVD1 6,                     $y_{DB}$ PVD1 6
   427,               DB_y PVD1 7,                     $y_{DB}$ PVD1 7
   428,               DB_y PVD1 8,                     $y_{DB}$ PVD1 8
   429,               DB_y PVD1 9,                     $y_{DB}$ PVD1 9
   430,              DB_y PVD1 10,                    $y_{DB}$ PVD1 10
   431,                Fvl PVD1 1,                     $F_{vl}$ PVD1 1
   432,                Fvl PVD1 2,                     $F_{vl}$ PVD1 2
   433,                Fvl PVD1 3,                     $F_{vl}$ PVD1 3
   434,                Fvl PVD1 4,                     $F_{vl}$ PVD1 4
   435,                Fvl PVD1 5,                     $F_{vl}$ PVD1 5
   436,                Fvl PVD1 6,                     $F_{vl}$ PVD1 6
   437,                Fvl PVD1 7,                     $F_{vl}$ PVD1 7
   438,                Fvl PVD1 8,                     $F_{vl}$ PVD1 8
   439,                Fvl PVD1 9,                     $F_{vl}$ PVD1 9
   440,               Fvl PVD1 10,                    $F_{vl}$ PVD1 10
   441,                Fvh PVD1 1,                     $F_{vh}$ PVD1 1
   442,                Fvh PVD1 2,                     $F_{vh}$ PVD1 2
   443,                Fvh PVD1 3,                     $F_{vh}$ PVD1 3
   444,                Fvh PVD1 4,                     $F_{vh}$ PVD1 4
   445,                Fvh PVD1 5,                     $F_{vh}$ PVD1 5
   446,                Fvh PVD1 6,                     $F_{vh}$ PVD1 6
   447,                Fvh PVD1 7,                     $F_{vh}$ PVD1 7
   448,                Fvh PVD1 8,                     $F_{vh}$ PVD1 8
   449,                Fvh PVD1 9,                     $F_{vh}$ PVD1 9
   450,               Fvh PVD1 10,                    $F_{vh}$ PVD1 10
   451,                 vp PVD1 1,                        $V_p$ PVD1 1
   452,                 vp PVD1 2,                        $V_p$ PVD1 2
   453,                 vp PVD1 3,                        $V_p$ PVD1 3
   454,                 vp PVD1 4,                        $V_p$ PVD1 4
   455,                 vp PVD1 5,                        $V_p$ PVD1 5
   456,                 vp PVD1 6,                        $V_p$ PVD1 6
   457,                 vp PVD1 7,                        $V_p$ PVD1 7
   458,                 vp PVD1 8,                        $V_p$ PVD1 8
   459,                 vp PVD1 9,                        $V_p$ PVD1 9
   460,                vp PVD1 10,                       $V_p$ PVD1 10
   461,               Pext PVD1 1,                    $P_{ext}$ PVD1 1
   462,               Pext PVD1 2,                    $P_{ext}$ PVD1 2
   463,               Pext PVD1 3,                    $P_{ext}$ PVD1 3
   464,               Pext PVD1 4,                    $P_{ext}$ PVD1 4
   465,               Pext PVD1 5,                    $P_{ext}$ PVD1 5
   466,               Pext PVD1 6,                    $P_{ext}$ PVD1 6
   467,               Pext PVD1 7,                    $P_{ext}$ PVD1 7
   468,               Pext PVD1 8,                    $P_{ext}$ PVD1 8
   469,               Pext PVD1 9,                    $P_{ext}$ PVD1 9
   470,              Pext PVD1 10,                   $P_{ext}$ PVD1 10
   471,               Pref PVD1 1,                    $P_{ref}$ PVD1 1
   472,               Pref PVD1 2,                    $P_{ref}$ PVD1 2
   473,               Pref PVD1 3,                    $P_{ref}$ PVD1 3
   474,               Pref PVD1 4,                    $P_{ref}$ PVD1 4
   475,               Pref PVD1 5,                    $P_{ref}$ PVD1 5
   476,               Pref PVD1 6,                    $P_{ref}$ PVD1 6
   477,               Pref PVD1 7,                    $P_{ref}$ PVD1 7
   478,               Pref PVD1 8,                    $P_{ref}$ PVD1 8
   479,               Pref PVD1 9,                    $P_{ref}$ PVD1 9
   480,              Pref PVD1 10,                   $P_{ref}$ PVD1 10
   481,               Psum PVD1 1,                    $P_{tot}$ PVD1 1
   482,               Psum PVD1 2,                    $P_{tot}$ PVD1 2
   483,               Psum PVD1 3,                    $P_{tot}$ PVD1 3
   484,               Psum PVD1 4,                    $P_{tot}$ PVD1 4
   485,               Psum PVD1 5,                    $P_{tot}$ PVD1 5
   486,               Psum PVD1 6,                    $P_{tot}$ PVD1 6
   487,               Psum PVD1 7,                    $P_{tot}$ PVD1 7
   488,               Psum PVD1 8,                    $P_{tot}$ PVD1 8
   489,               Psum PVD1 9,                    $P_{tot}$ PVD1 9
   490,              Psum PVD1 10,                   $P_{tot}$ PVD1 10
   491,               Qdrp PVD1 1,                    $Q_{drp}$ PVD1 1
   492,               Qdrp PVD1 2,                    $Q_{drp}$ PVD1 2
   493,               Qdrp PVD1 3,                    $Q_{drp}$ PVD1 3
   494,               Qdrp PVD1 4,                    $Q_{drp}$ PVD1 4
   495,               Qdrp PVD1 5,                    $Q_{drp}$ PVD1 5
   496,               Qdrp PVD1 6,                    $Q_{drp}$ PVD1 6
   497,               Qdrp PVD1 7,                    $Q_{drp}$ PVD1 7
   498,               Qdrp PVD1 8,                    $Q_{drp}$ PVD1 8
   499,               Qdrp PVD1 9,                    $Q_{drp}$ PVD1 9
   500,              Qdrp PVD1 10,                   $Q_{drp}$ PVD1 10
   501,               Qref PVD1 1,                    $Q_{ref}$ PVD1 1
   502,               Qref PVD1 2,                    $Q_{ref}$ PVD1 2
   503,               Qref PVD1 3,                    $Q_{ref}$ PVD1 3
   504,               Qref PVD1 4,                    $Q_{ref}$ PVD1 4
   505,               Qref PVD1 5,                    $Q_{ref}$ PVD1 5
   506,               Qref PVD1 6,                    $Q_{ref}$ PVD1 6
   507,               Qref PVD1 7,                    $Q_{ref}$ PVD1 7
   508,               Qref PVD1 8,                    $Q_{ref}$ PVD1 8
   509,               Qref PVD1 9,                    $Q_{ref}$ PVD1 9
   510,              Qref PVD1 10,                   $Q_{ref}$ PVD1 10
   511,               Qsum PVD1 1,                    $Q_{tot}$ PVD1 1
   512,               Qsum PVD1 2,                    $Q_{tot}$ PVD1 2
   513,               Qsum PVD1 3,                    $Q_{tot}$ PVD1 3
   514,               Qsum PVD1 4,                    $Q_{tot}$ PVD1 4
   515,               Qsum PVD1 5,                    $Q_{tot}$ PVD1 5
   516,               Qsum PVD1 6,                    $Q_{tot}$ PVD1 6
   517,               Qsum PVD1 7,                    $Q_{tot}$ PVD1 7
   518,               Qsum PVD1 8,                    $Q_{tot}$ PVD1 8
   519,               Qsum PVD1 9,                    $Q_{tot}$ PVD1 9
   520,              Qsum PVD1 10,                   $Q_{tot}$ PVD1 10
   521,               Ipul PVD1 1,                   $I_{p,ul}$ PVD1 1
   522,               Ipul PVD1 2,                   $I_{p,ul}$ PVD1 2
   523,               Ipul PVD1 3,                   $I_{p,ul}$ PVD1 3
   524,               Ipul PVD1 4,                   $I_{p,ul}$ PVD1 4
   525,               Ipul PVD1 5,                   $I_{p,ul}$ PVD1 5
   526,               Ipul PVD1 6,                   $I_{p,ul}$ PVD1 6
   527,               Ipul PVD1 7,                   $I_{p,ul}$ PVD1 7
   528,               Ipul PVD1 8,                   $I_{p,ul}$ PVD1 8
   529,               Ipul PVD1 9,                   $I_{p,ul}$ PVD1 9
   530,              Ipul PVD1 10,                  $I_{p,ul}$ PVD1 10
   531,               Iqul PVD1 1,                   $I_{q,ul}$ PVD1 1
   532,               Iqul PVD1 2,                   $I_{q,ul}$ PVD1 2
   533,               Iqul PVD1 3,                   $I_{q,ul}$ PVD1 3
   534,               Iqul PVD1 4,                   $I_{q,ul}$ PVD1 4
   535,               Iqul PVD1 5,                   $I_{q,ul}$ PVD1 5
   536,               Iqul PVD1 6,                   $I_{q,ul}$ PVD1 6
   537,               Iqul PVD1 7,                   $I_{q,ul}$ PVD1 7
   538,               Iqul PVD1 8,                   $I_{q,ul}$ PVD1 8
   539,               Iqul PVD1 9,                   $I_{q,ul}$ PVD1 9
   540,              Iqul PVD1 10,                  $I_{q,ul}$ PVD1 10
   541,              Ipmax PVD1 1,                   $I_{pmax}$ PVD1 1
   542,              Ipmax PVD1 2,                   $I_{pmax}$ PVD1 2
   543,              Ipmax PVD1 3,                   $I_{pmax}$ PVD1 3
   544,              Ipmax PVD1 4,                   $I_{pmax}$ PVD1 4
   545,              Ipmax PVD1 5,                   $I_{pmax}$ PVD1 5
   546,              Ipmax PVD1 6,                   $I_{pmax}$ PVD1 6
   547,              Ipmax PVD1 7,                   $I_{pmax}$ PVD1 7
   548,              Ipmax PVD1 8,                   $I_{pmax}$ PVD1 8
   549,              Ipmax PVD1 9,                   $I_{pmax}$ PVD1 9
   550,             Ipmax PVD1 10,                  $I_{pmax}$ PVD1 10
   551,              Iqmax PVD1 1,                   $I_{qmax}$ PVD1 1
   552,              Iqmax PVD1 2,                   $I_{qmax}$ PVD1 2
   553,              Iqmax PVD1 3,                   $I_{qmax}$ PVD1 3
   554,              Iqmax PVD1 4,                   $I_{qmax}$ PVD1 4
   555,              Iqmax PVD1 5,                   $I_{qmax}$ PVD1 5
   556,              Iqmax PVD1 6,                   $I_{qmax}$ PVD1 6
   557,              Iqmax PVD1 7,                   $I_{qmax}$ PVD1 7
   558,              Iqmax PVD1 8,                   $I_{qmax}$ PVD1 8
   559,              Iqmax PVD1 9,                   $I_{qmax}$ PVD1 9
   560,             Iqmax PVD1 10,                  $I_{qmax}$ PVD1 10
   561,            Ipcmd_x PVD1 1,               $x_{I^{pcmd}}$ PVD1 1
   562,            Ipcmd_x PVD1 2,               $x_{I^{pcmd}}$ PVD1 2
   563,            Ipcmd_x PVD1 3,               $x_{I^{pcmd}}$ PVD1 3
   564,            Ipcmd_x PVD1 4,               $x_{I^{pcmd}}$ PVD1 4
   565,            Ipcmd_x PVD1 5,               $x_{I^{pcmd}}$ PVD1 5
   566,            Ipcmd_x PVD1 6,               $x_{I^{pcmd}}$ PVD1 6
   567,            Ipcmd_x PVD1 7,               $x_{I^{pcmd}}$ PVD1 7
   568,            Ipcmd_x PVD1 8,               $x_{I^{pcmd}}$ PVD1 8
   569,            Ipcmd_x PVD1 9,               $x_{I^{pcmd}}$ PVD1 9
   570,           Ipcmd_x PVD1 10,              $x_{I^{pcmd}}$ PVD1 10
   571,            Ipcmd_y PVD1 1,               $y_{I^{pcmd}}$ PVD1 1
   572,            Ipcmd_y PVD1 2,               $y_{I^{pcmd}}$ PVD1 2
   573,            Ipcmd_y PVD1 3,               $y_{I^{pcmd}}$ PVD1 3
   574,            Ipcmd_y PVD1 4,               $y_{I^{pcmd}}$ PVD1 4
   575,            Ipcmd_y PVD1 5,               $y_{I^{pcmd}}$ PVD1 5
   576,            Ipcmd_y PVD1 6,               $y_{I^{pcmd}}$ PVD1 6
   577,            Ipcmd_y PVD1 7,               $y_{I^{pcmd}}$ PVD1 7
   578,            Ipcmd_y PVD1 8,               $y_{I^{pcmd}}$ PVD1 8
   579,            Ipcmd_y PVD1 9,               $y_{I^{pcmd}}$ PVD1 9
   580,           Ipcmd_y PVD1 10,              $y_{I^{pcmd}}$ PVD1 10
   581,            Iqcmd_x PVD1 1,               $x_{I^{qcmd}}$ PVD1 1
   582,            Iqcmd_x PVD1 2,               $x_{I^{qcmd}}$ PVD1 2
   583,            Iqcmd_x PVD1 3,               $x_{I^{qcmd}}$ PVD1 3
   584,            Iqcmd_x PVD1 4,               $x_{I^{qcmd}}$ PVD1 4
   585,            Iqcmd_x PVD1 5,               $x_{I^{qcmd}}$ PVD1 5
   586,            Iqcmd_x PVD1 6,               $x_{I^{qcmd}}$ PVD1 6
   587,            Iqcmd_x PVD1 7,               $x_{I^{qcmd}}$ PVD1 7
   588,            Iqcmd_x PVD1 8,               $x_{I^{qcmd}}$ PVD1 8
   589,            Iqcmd_x PVD1 9,               $x_{I^{qcmd}}$ PVD1 9
   590,           Iqcmd_x PVD1 10,              $x_{I^{qcmd}}$ PVD1 10
   591,            Iqcmd_y PVD1 1,               $y_{I^{qcmd}}$ PVD1 1
   592,            Iqcmd_y PVD1 2,               $y_{I^{qcmd}}$ PVD1 2
   593,            Iqcmd_y PVD1 3,               $y_{I^{qcmd}}$ PVD1 3
   594,            Iqcmd_y PVD1 4,               $y_{I^{qcmd}}$ PVD1 4
   595,            Iqcmd_y PVD1 5,               $y_{I^{qcmd}}$ PVD1 5
   596,            Iqcmd_y PVD1 6,               $y_{I^{qcmd}}$ PVD1 6
   597,            Iqcmd_y PVD1 7,               $y_{I^{qcmd}}$ PVD1 7
   598,            Iqcmd_y PVD1 8,               $y_{I^{qcmd}}$ PVD1 8
   599,            Iqcmd_y PVD1 9,               $y_{I^{qcmd}}$ PVD1 9
   600,           Iqcmd_y PVD1 10,              $y_{I^{qcmd}}$ PVD1 10
