     0,                  Time [s],                            Time [s]
     1,            delta GENROU 1,                   $\delta$ GENROU 1
     2,            delta GENROU 2,                   $\delta$ GENROU 2
     3,            delta GENROU 3,                   $\delta$ GENROU 3
     4,            delta GENROU 4,                   $\delta$ GENROU 4
     5,            delta GENROU 5,                   $\delta$ GENROU 5
     6,            omega GENROU 1,                   $\omega$ GENROU 1
     7,            omega GENROU 2,                   $\omega$ GENROU 2
     8,            omega GENROU 3,                   $\omega$ GENROU 3
     9,            omega GENROU 4,                   $\omega$ GENROU 4
    10,            omega GENROU 5,                   $\omega$ GENROU 5
    11,              e1q GENROU 1,                   ${e'_q}$ GENROU 1
    12,              e1q GENROU 2,                   ${e'_q}$ GENROU 2
    13,              e1q GENROU 3,                   ${e'_q}$ GENROU 3
    14,              e1q GENROU 4,                   ${e'_q}$ GENROU 4
    15,              e1q GENROU 5,                   ${e'_q}$ GENROU 5
    16,              e1d GENROU 1,                   ${e'_d}$ GENROU 1
    17,              e1d GENROU 2,                   ${e'_d}$ GENROU 2
    18,              e1d GENROU 3,                   ${e'_d}$ GENROU 3
    19,              e1d GENROU 4,                   ${e'_d}$ GENROU 4
    20,              e1d GENROU 5,                   ${e'_d}$ GENROU 5
    21,              e2d GENROU 1,                  ${e''_d}$ GENROU 1
    22,              e2d GENROU 2,                  ${e''_d}$ GENROU 2
    23,              e2d GENROU 3,                  ${e''_d}$ GENROU 3
    24,              e2d GENROU 4,                  ${e''_d}$ GENROU 4
    25,              e2d GENROU 5,                  ${e''_d}$ GENROU 5
    26,              e2q GENROU 1,                  ${e''_q}$ GENROU 1
    27,              e2q GENROU 2,                  ${e''_q}$ GENROU 2
    28,              e2q GENROU 3,                  ${e''_q}$ GENROU 3
    29,              e2q GENROU 4,                  ${e''_q}$ GENROU 4
    30,              e2q GENROU 5,                  ${e''_q}$ GENROU 5
    31,             LAG_y TGOV1 1,                   $y_{LAG}$ TGOV1 1
    32,             LAG_y TGOV1 2,                   $y_{LAG}$ TGOV1 2
    33,             LAG_y TGOV1 3,                   $y_{LAG}$ TGOV1 3
    34,              LL_x TGOV1 1,                   $x'_{LL}$ TGOV1 1
    35,              LL_x TGOV1 2,                   $x'_{LL}$ TGOV1 2
    36,              LL_x TGOV1 3,                   $x'_{LL}$ TGOV1 3
    37,             LL_x IEEEG1 4,                  $x'_{LL}$ IEEEG1 4
    38,             LL_x IEEEG1 5,                  $x'_{LL}$ IEEEG1 5
    39,            IAW_y IEEEG1 4,                  $y_{IAW}$ IEEEG1 4
    40,            IAW_y IEEEG1 5,                  $y_{IAW}$ IEEEG1 5
    41,             L4_y IEEEG1 4,                   $y_{L4}$ IEEEG1 4
    42,             L4_y IEEEG1 5,                   $y_{L4}$ IEEEG1 5
    43,             L5_y IEEEG1 4,                   $y_{L5}$ IEEEG1 4
    44,             L5_y IEEEG1 5,                   $y_{L5}$ IEEEG1 5
    45,             L6_y IEEEG1 4,                   $y_{L6}$ IEEEG1 4
    46,             L6_y IEEEG1 5,                   $y_{L6}$ IEEEG1 5
    47,             L7_y IEEEG1 4,                   $y_{L7}$ IEEEG1 4
    48,             L7_y IEEEG1 5,                   $y_{L7}$ IEEEG1 5
    49,              LG_y EXST1 1,                    $y_{LG}$ EXST1 1
    50,              LL_x EXST1 1,                   $x'_{LL}$ EXST1 1
    51,              LR_y EXST1 1,                    $y_{LR}$ EXST1 1
    52,              WF_x EXST1 1,                   $x'_{WF}$ EXST1 1
    53,             LG_y ESST3A 2,                   $y_{LG}$ ESST3A 2
    54,             LG_y ESST3A 3,                   $y_{LG}$ ESST3A 3
    55,             LG_y ESST3A 4,                   $y_{LG}$ ESST3A 4
    56,             LG_y ESST3A 5,                   $y_{LG}$ ESST3A 5
    57,             LL_x ESST3A 2,                  $x'_{LL}$ ESST3A 2
    58,             LL_x ESST3A 3,                  $x'_{LL}$ ESST3A 3
    59,             LL_x ESST3A 4,                  $x'_{LL}$ ESST3A 4
    60,             LL_x ESST3A 5,                  $x'_{LL}$ ESST3A 5
    61,           LAW1_y ESST3A 2,                 $y_{LAW1}$ ESST3A 2
    62,           LAW1_y ESST3A 3,                 $y_{LAW1}$ ESST3A 3
    63,           LAW1_y ESST3A 4,                 $y_{LAW1}$ ESST3A 4
    64,           LAW1_y ESST3A 5,                 $y_{LAW1}$ ESST3A 5
    65,           LAW2_y ESST3A 2,                 $y_{LAW2}$ ESST3A 2
    66,           LAW2_y ESST3A 3,                 $y_{LAW2}$ ESST3A 3
    67,           LAW2_y ESST3A 4,                 $y_{LAW2}$ ESST3A 4
    68,           LAW2_y ESST3A 5,                 $y_{LAW2}$ ESST3A 5
    69,             L_y BusFreq 1,                   $y_{L}$ BusFreq 1
    70,             L_y BusFreq 2,                   $y_{L}$ BusFreq 2
    71,             L_y BusFreq 3,                   $y_{L}$ BusFreq 3
    72,             L_y BusFreq 4,                   $y_{L}$ BusFreq 4
    73,            WO_x BusFreq 1,                 $x'_{WO}$ BusFreq 1
    74,            WO_x BusFreq 2,                 $x'_{WO}$ BusFreq 2
    75,            WO_x BusFreq 3,                 $x'_{WO}$ BusFreq 3
    76,            WO_x BusFreq 4,                 $x'_{WO}$ BusFreq 4
    77,            Ipout_y ESD1 1,                  $y_{Ipout}$ ESD1 1
    78,            Ipout_y ESD1 2,                  $y_{Ipout}$ ESD1 2
    79,            Ipout_y ESD1 3,                  $y_{Ipout}$ ESD1 3
    80,            Ipout_y ESD1 4,                  $y_{Ipout}$ ESD1 4
    81,            Ipout_y ESD1 5,                  $y_{Ipout}$ ESD1 5
    82,            Ipout_y ESD1 6,                  $y_{Ipout}$ ESD1 6
    83,            Ipout_y ESD1 7,                  $y_{Ipout}$ ESD1 7
    84,            Ipout_y ESD1 8,                  $y_{Ipout}$ ESD1 8
    85,            Ipout_y ESD1 9,                  $y_{Ipout}$ ESD1 9
    86,           Ipout_y ESD1 10,                 $y_{Ipout}$ ESD1 10
    87,            Iqout_y ESD1 1,                  $y_{Iqout}$ ESD1 1
    88,            Iqout_y ESD1 2,                  $y_{Iqout}$ ESD1 2
    89,            Iqout_y ESD1 3,                  $y_{Iqout}$ ESD1 3
    90,            Iqout_y ESD1 4,                  $y_{Iqout}$ ESD1 4
    91,            Iqout_y ESD1 5,                  $y_{Iqout}$ ESD1 5
    92,            Iqout_y ESD1 6,                  $y_{Iqout}$ ESD1 6
    93,            Iqout_y ESD1 7,                  $y_{Iqout}$ ESD1 7
    94,            Iqout_y ESD1 8,                  $y_{Iqout}$ ESD1 8
    95,            Iqout_y ESD1 9,                  $y_{Iqout}$ ESD1 9
    96,           Iqout_y ESD1 10,                 $y_{Iqout}$ ESD1 10
    97,              pIG_y ESD1 1,                    $y_{pIG}$ ESD1 1
    98,              pIG_y ESD1 2,                    $y_{pIG}$ ESD1 2
    99,              pIG_y ESD1 3,                    $y_{pIG}$ ESD1 3
   100,              pIG_y ESD1 4,                    $y_{pIG}$ ESD1 4
   101,              pIG_y ESD1 5,                    $y_{pIG}$ ESD1 5
   102,              pIG_y ESD1 6,                    $y_{pIG}$ ESD1 6
   103,              pIG_y ESD1 7,                    $y_{pIG}$ ESD1 7
   104,              pIG_y ESD1 8,                    $y_{pIG}$ ESD1 8
   105,              pIG_y ESD1 9,                    $y_{pIG}$ ESD1 9
   106,             pIG_y ESD1 10,                   $y_{pIG}$ ESD1 10
   107,                   a Bus 1,                      $\theta$ Bus 1
   108,                   a Bus 2,                      $\theta$ Bus 2
   109,                   a Bus 3,                      $\theta$ Bus 3
   110,                   a Bus 4,                      $\theta$ Bus 4
   111,                   a Bus 5,                      $\theta$ Bus 5
   112,                   a Bus 6,                      $\theta$ Bus 6
   113,                   a Bus 7,                      $\theta$ Bus 7
   114,                   a Bus 8,                      $\theta$ Bus 8
   115,                   a Bus 9,                      $\theta$ Bus 9
   116,                  a Bus 10,                     $\theta$ Bus 10
   117,                  a Bus 11,                     $\theta$ Bus 11
   118,                  a Bus 12,                     $\theta$ Bus 12
   119,                  a Bus 13,                     $\theta$ Bus 13
   120,                  a Bus 14,                     $\theta$ Bus 14
   121,                   v Bus 1,                           $V$ Bus 1
   122,                   v Bus 2,                           $V$ Bus 2
   123,                   v Bus 3,                           $V$ Bus 3
   124,                   v Bus 4,                           $V$ Bus 4
   125,                   v Bus 5,                           $V$ Bus 5
   126,                   v Bus 6,                           $V$ Bus 6
   127,                   v Bus 7,                           $V$ Bus 7
   128,                   v Bus 8,                           $V$ Bus 8
   129,                   v Bus 9,                           $V$ Bus 9
   130,                  v Bus 10,                          $V$ Bus 10
   131,                  v Bus 11,                          $V$ Bus 11
   132,                  v Bus 12,                          $V$ Bus 12
   133,                  v Bus 13,                          $V$ Bus 13
   134,                  v Bus 14,                          $V$ Bus 14
   135,                    q PV 2,                            $q$ PV 2
   136,                    q PV 3,                            $q$ PV 3
   137,                    q PV 4,                            $q$ PV 4
   138,                    q PV 5,                            $q$ PV 5
   139,                    q PV 6,                            $q$ PV 6
   140,                 q Slack 1,                         $q$ Slack 1
   141,                 p Slack 1,                         $p$ Slack 1
   142,                ace ACEc 1,                        $ace$ ACEc 1
   143,               Id GENROU 1,                      $I_d$ GENROU 1
   144,               Id GENROU 2,                      $I_d$ GENROU 2
   145,               Id GENROU 3,                      $I_d$ GENROU 3
   146,               Id GENROU 4,                      $I_d$ GENROU 4
   147,               Id GENROU 5,                      $I_d$ GENROU 5
   148,               Iq GENROU 1,                      $I_q$ GENROU 1
   149,               Iq GENROU 2,                      $I_q$ GENROU 2
   150,               Iq GENROU 3,                      $I_q$ GENROU 3
   151,               Iq GENROU 4,                      $I_q$ GENROU 4
   152,               Iq GENROU 5,                      $I_q$ GENROU 5
   153,               vd GENROU 1,                      $V_d$ GENROU 1
   154,               vd GENROU 2,                      $V_d$ GENROU 2
   155,               vd GENROU 3,                      $V_d$ GENROU 3
   156,               vd GENROU 4,                      $V_d$ GENROU 4
   157,               vd GENROU 5,                      $V_d$ GENROU 5
   158,               vq GENROU 1,                      $V_q$ GENROU 1
   159,               vq GENROU 2,                      $V_q$ GENROU 2
   160,               vq GENROU 3,                      $V_q$ GENROU 3
   161,               vq GENROU 4,                      $V_q$ GENROU 4
   162,               vq GENROU 5,                      $V_q$ GENROU 5
   163,               tm GENROU 1,                   $\tau_m$ GENROU 1
   164,               tm GENROU 2,                   $\tau_m$ GENROU 2
   165,               tm GENROU 3,                   $\tau_m$ GENROU 3
   166,               tm GENROU 4,                   $\tau_m$ GENROU 4
   167,               tm GENROU 5,                   $\tau_m$ GENROU 5
   168,               te GENROU 1,                   $\tau_e$ GENROU 1
   169,               te GENROU 2,                   $\tau_e$ GENROU 2
   170,               te GENROU 3,                   $\tau_e$ GENROU 3
   171,               te GENROU 4,                   $\tau_e$ GENROU 4
   172,               te GENROU 5,                   $\tau_e$ GENROU 5
   173,               vf GENROU 1,                      $v_f$ GENROU 1
   174,               vf GENROU 2,                      $v_f$ GENROU 2
   175,               vf GENROU 3,                      $v_f$ GENROU 3
   176,               vf GENROU 4,                      $v_f$ GENROU 4
   177,               vf GENROU 5,                      $v_f$ GENROU 5
   178,           XadIfd GENROU 1,             $X_{ad}I_{fd}$ GENROU 1
   179,           XadIfd GENROU 2,             $X_{ad}I_{fd}$ GENROU 2
   180,           XadIfd GENROU 3,             $X_{ad}I_{fd}$ GENROU 3
   181,           XadIfd GENROU 4,             $X_{ad}I_{fd}$ GENROU 4
   182,           XadIfd GENROU 5,             $X_{ad}I_{fd}$ GENROU 5
   183,               Pe GENROU 1,                      $P_e$ GENROU 1
   184,               Pe GENROU 2,                      $P_e$ GENROU 2
   185,               Pe GENROU 3,                      $P_e$ GENROU 3
   186,               Pe GENROU 4,                      $P_e$ GENROU 4
   187,               Pe GENROU 5,                      $P_e$ GENROU 5
   188,               Qe GENROU 1,                      $Q_e$ GENROU 1
   189,               Qe GENROU 2,                      $Q_e$ GENROU 2
   190,               Qe GENROU 3,                      $Q_e$ GENROU 3
   191,               Qe GENROU 4,                      $Q_e$ GENROU 4
   192,               Qe GENROU 5,                      $Q_e$ GENROU 5
   193,             psid GENROU 1,                   $\psi_d$ GENROU 1
   194,             psid GENROU 2,                   $\psi_d$ GENROU 2
   195,             psid GENROU 3,                   $\psi_d$ GENROU 3
   196,             psid GENROU 4,                   $\psi_d$ GENROU 4
   197,             psid GENROU 5,                   $\psi_d$ GENROU 5
   198,             psiq GENROU 1,                   $\psi_q$ GENROU 1
   199,             psiq GENROU 2,                   $\psi_q$ GENROU 2
   200,             psiq GENROU 3,                   $\psi_q$ GENROU 3
   201,             psiq GENROU 4,                   $\psi_q$ GENROU 4
   202,             psiq GENROU 5,                   $\psi_q$ GENROU 5
   203,            psi2q GENROU 1,                $\psi_{aq}$ GENROU 1
   204,            psi2q GENROU 2,                $\psi_{aq}$ GENROU 2
   205,            psi2q GENROU 3,                $\psi_{aq}$ GENROU 3
   206,            psi2q GENROU 4,                $\psi_{aq}$ GENROU 4
   207,            psi2q GENROU 5,                $\psi_{aq}$ GENROU 5
   208,            psi2d GENROU 1,                $\psi_{ad}$ GENROU 1
   209,            psi2d GENROU 2,                $\psi_{ad}$ GENROU 2
   210,            psi2d GENROU 3,                $\psi_{ad}$ GENROU 3
   211,            psi2d GENROU 4,                $\psi_{ad}$ GENROU 4
   212,            psi2d GENROU 5,                $\psi_{ad}$ GENROU 5
   213,             psi2 GENROU 1,                   $\psi_a$ GENROU 1
   214,             psi2 GENROU 2,                   $\psi_a$ GENROU 2
   215,             psi2 GENROU 3,                   $\psi_a$ GENROU 3
   216,             psi2 GENROU 4,                   $\psi_a$ GENROU 4
   217,             psi2 GENROU 5,                   $\psi_a$ GENROU 5
   218,               Se GENROU 1,          $S_e(|\psi_{a}|)$ GENROU 1
   219,               Se GENROU 2,          $S_e(|\psi_{a}|)$ GENROU 2
   220,               Se GENROU 3,          $S_e(|\psi_{a}|)$ GENROU 3
   221,               Se GENROU 4,          $S_e(|\psi_{a}|)$ GENROU 4
   222,               Se GENROU 5,          $S_e(|\psi_{a}|)$ GENROU 5
   223,           XaqI1q GENROU 1,             $X_{aq}I_{1q}$ GENROU 1
   224,           XaqI1q GENROU 2,             $X_{aq}I_{1q}$ GENROU 2
   225,           XaqI1q GENROU 3,             $X_{aq}I_{1q}$ GENROU 3
   226,           XaqI1q GENROU 4,             $X_{aq}I_{1q}$ GENROU 4
   227,           XaqI1q GENROU 5,             $X_{aq}I_{1q}$ GENROU 5
   228,              paux TGOV1 1,                   $P_{aux}$ TGOV1 1
   229,              paux TGOV1 2,                   $P_{aux}$ TGOV1 2
   230,              paux TGOV1 3,                   $P_{aux}$ TGOV1 3
   231,              pout TGOV1 1,                   $P_{out}$ TGOV1 1
   232,              pout TGOV1 2,                   $P_{out}$ TGOV1 2
   233,              pout TGOV1 3,                   $P_{out}$ TGOV1 3
   234,              wref TGOV1 1,              $\omega_{ref}$ TGOV1 1
   235,              wref TGOV1 2,              $\omega_{ref}$ TGOV1 2
   236,              wref TGOV1 3,              $\omega_{ref}$ TGOV1 3
   237,              pref TGOV1 1,                   $P_{ref}$ TGOV1 1
   238,              pref TGOV1 2,                   $P_{ref}$ TGOV1 2
   239,              pref TGOV1 3,                   $P_{ref}$ TGOV1 3
   240,                wd TGOV1 1,              $\omega_{dev}$ TGOV1 1
   241,                wd TGOV1 2,              $\omega_{dev}$ TGOV1 2
   242,                wd TGOV1 3,              $\omega_{dev}$ TGOV1 3
   243,                pd TGOV1 1,                       $P_d$ TGOV1 1
   244,                pd TGOV1 2,                       $P_d$ TGOV1 2
   245,                pd TGOV1 3,                       $P_d$ TGOV1 3
   246,              LL_y TGOV1 1,                    $y_{LL}$ TGOV1 1
   247,              LL_y TGOV1 2,                    $y_{LL}$ TGOV1 2
   248,              LL_y TGOV1 3,                    $y_{LL}$ TGOV1 3
   249,             paux IEEEG1 4,                  $P_{aux}$ IEEEG1 4
   250,             paux IEEEG1 5,                  $P_{aux}$ IEEEG1 5
   251,             pout IEEEG1 4,                  $P_{out}$ IEEEG1 4
   252,             pout IEEEG1 5,                  $P_{out}$ IEEEG1 5
   253,             wref IEEEG1 4,             $\omega_{ref}$ IEEEG1 4
   254,             wref IEEEG1 5,             $\omega_{ref}$ IEEEG1 5
   255,               wd IEEEG1 4,             $\omega_{dev}$ IEEEG1 4
   256,               wd IEEEG1 5,             $\omega_{dev}$ IEEEG1 5
   257,             LL_y IEEEG1 4,                   $y_{LL}$ IEEEG1 4
   258,             LL_y IEEEG1 5,                   $y_{LL}$ IEEEG1 5
   259,               vs IEEEG1 4,                      $V_s$ IEEEG1 4
   260,               vs IEEEG1 5,                      $V_s$ IEEEG1 5
   261,              vsl IEEEG1 4,                   $V_{sl}$ IEEEG1 4
   262,              vsl IEEEG1 5,                   $V_{sl}$ IEEEG1 5
   263,              PHP IEEEG1 4,                   $P_{HP}$ IEEEG1 4
   264,              PHP IEEEG1 5,                   $P_{HP}$ IEEEG1 5
   265,              PLP IEEEG1 4,                   $P_{LP}$ IEEEG1 4
   266,              PLP IEEEG1 5,                   $P_{LP}$ IEEEG1 5
   267,                 v EXST1 1,                  $E_{term}$ EXST1 1
   268,              vout EXST1 1,                   $v_{out}$ EXST1 1
   269,              vref EXST1 1,                   $V_{ref}$ EXST1 1
   270,                vi EXST1 1,                       $V_i$ EXST1 1
   271,                vl EXST1 1,                       $V_l$ EXST1 1
   272,              LL_y EXST1 1,                    $y_{LL}$ EXST1 1
   273,              WF_y EXST1 1,                    $y_{WF}$ EXST1 1
   274,             vfmax EXST1 1,                  $V_{fmax}$ EXST1 1
   275,             vfmin EXST1 1,                  $V_{fmin}$ EXST1 1
   276,                v ESST3A 2,                 $E_{term}$ ESST3A 2
   277,                v ESST3A 3,                 $E_{term}$ ESST3A 3
   278,                v ESST3A 4,                 $E_{term}$ ESST3A 4
   279,                v ESST3A 5,                 $E_{term}$ ESST3A 5
   280,             vout ESST3A 2,                  $v_{out}$ ESST3A 2
   281,             vout ESST3A 3,                  $v_{out}$ ESST3A 3
   282,             vout ESST3A 4,                  $v_{out}$ ESST3A 4
   283,             vout ESST3A 5,                  $v_{out}$ ESST3A 5
   284,              UEL ESST3A 2,                   $U_{EL}$ ESST3A 2
   285,              UEL ESST3A 3,                   $U_{EL}$ ESST3A 3
   286,              UEL ESST3A 4,                   $U_{EL}$ ESST3A 4
   287,              UEL ESST3A 5,                   $U_{EL}$ ESST3A 5
   288,               IN ESST3A 2,                      $I_N$ ESST3A 2
   289,               IN ESST3A 3,                      $I_N$ ESST3A 3
   290,               IN ESST3A 4,                      $I_N$ ESST3A 4
   291,               IN ESST3A 5,                      $I_N$ ESST3A 5
   292,            FEX_y ESST3A 2,                  $y_{FEX}$ ESST3A 2
   293,            FEX_y ESST3A 3,                  $y_{FEX}$ ESST3A 3
   294,            FEX_y ESST3A 4,                  $y_{FEX}$ ESST3A 4
   295,            FEX_y ESST3A 5,                  $y_{FEX}$ ESST3A 5
   296,             VB_x ESST3A 2,                   $x_{VB}$ ESST3A 2
   297,             VB_x ESST3A 3,                   $x_{VB}$ ESST3A 3
   298,             VB_x ESST3A 4,                   $x_{VB}$ ESST3A 4
   299,             VB_x ESST3A 5,                   $x_{VB}$ ESST3A 5
   300,             VB_y ESST3A 2,                   $y_{VB}$ ESST3A 2
   301,             VB_y ESST3A 3,                   $y_{VB}$ ESST3A 3
   302,             VB_y ESST3A 4,                   $y_{VB}$ ESST3A 4
   303,             VB_y ESST3A 5,                   $y_{VB}$ ESST3A 5
   304,             VG_x ESST3A 2,                   $x_{VG}$ ESST3A 2
   305,             VG_x ESST3A 3,                   $x_{VG}$ ESST3A 3
   306,             VG_x ESST3A 4,                   $x_{VG}$ ESST3A 4
   307,             VG_x ESST3A 5,                   $x_{VG}$ ESST3A 5
   308,             VG_y ESST3A 2,                   $y_{VG}$ ESST3A 2
   309,             VG_y ESST3A 3,                   $y_{VG}$ ESST3A 3
   310,             VG_y ESST3A 4,                   $y_{VG}$ ESST3A 4
   311,             VG_y ESST3A 5,                   $y_{VG}$ ESST3A 5
   312,              vrs ESST3A 2,                   $V_{RS}$ ESST3A 2
   313,              vrs ESST3A 3,                   $V_{RS}$ ESST3A 3
   314,              vrs ESST3A 4,                   $V_{RS}$ ESST3A 4
   315,              vrs ESST3A 5,                   $V_{RS}$ ESST3A 5
   316,             vref ESST3A 2,                  $V_{ref}$ ESST3A 2
   317,             vref ESST3A 3,                  $V_{ref}$ ESST3A 3
   318,             vref ESST3A 4,                  $V_{ref}$ ESST3A 4
   319,             vref ESST3A 5,                  $V_{ref}$ ESST3A 5
   320,               vi ESST3A 2,                      $V_i$ ESST3A 2
   321,               vi ESST3A 3,                      $V_i$ ESST3A 3
   322,               vi ESST3A 4,                      $V_i$ ESST3A 4
   323,               vi ESST3A 5,                      $V_i$ ESST3A 5
   324,              vil ESST3A 2,                   $V_{il}$ ESST3A 2
   325,              vil ESST3A 3,                   $V_{il}$ ESST3A 3
   326,              vil ESST3A 4,                   $V_{il}$ ESST3A 4
   327,              vil ESST3A 5,                   $V_{il}$ ESST3A 5
   328,             HG_y ESST3A 2,                   $y_{HG}$ ESST3A 2
   329,             HG_y ESST3A 3,                   $y_{HG}$ ESST3A 3
   330,             HG_y ESST3A 4,                   $y_{HG}$ ESST3A 4
   331,             HG_y ESST3A 5,                   $y_{HG}$ ESST3A 5
   332,             LL_y ESST3A 2,                   $y_{LL}$ ESST3A 2
   333,             LL_y ESST3A 3,                   $y_{LL}$ ESST3A 3
   334,             LL_y ESST3A 4,                   $y_{LL}$ ESST3A 4
   335,             LL_y ESST3A 5,                   $y_{LL}$ ESST3A 5
   336,            WO_y BusFreq 1,                  $y_{WO}$ BusFreq 1
   337,            WO_y BusFreq 2,                  $y_{WO}$ BusFreq 2
   338,            WO_y BusFreq 3,                  $y_{WO}$ BusFreq 3
   339,            WO_y BusFreq 4,                  $y_{WO}$ BusFreq 4
   340,               f BusFreq 1,                       $f$ BusFreq 1
   341,               f BusFreq 2,                       $f$ BusFreq 2
   342,               f BusFreq 3,                       $f$ BusFreq 3
   343,               f BusFreq 4,                       $f$ BusFreq 4
   344,                fHz ESD1 1,                     $f_{Hz}$ ESD1 1
   345,                fHz ESD1 2,                     $f_{Hz}$ ESD1 2
   346,                fHz ESD1 3,                     $f_{Hz}$ ESD1 3
   347,                fHz ESD1 4,                     $f_{Hz}$ ESD1 4
   348,                fHz ESD1 5,                     $f_{Hz}$ ESD1 5
   349,                fHz ESD1 6,                     $f_{Hz}$ ESD1 6
   350,                fHz ESD1 7,                     $f_{Hz}$ ESD1 7
   351,                fHz ESD1 8,                     $f_{Hz}$ ESD1 8
   352,                fHz ESD1 9,                     $f_{Hz}$ ESD1 9
   353,               fHz ESD1 10,                    $f_{Hz}$ ESD1 10
   354,                Ffl ESD1 1,                     $F_{fl}$ ESD1 1
   355,                Ffl ESD1 2,                     $F_{fl}$ ESD1 2
   356,                Ffl ESD1 3,                     $F_{fl}$ ESD1 3
   357,                Ffl ESD1 4,                     $F_{fl}$ ESD1 4
   358,                Ffl ESD1 5,                     $F_{fl}$ ESD1 5
   359,                Ffl ESD1 6,                     $F_{fl}$ ESD1 6
   360,                Ffl ESD1 7,                     $F_{fl}$ ESD1 7
   361,                Ffl ESD1 8,                     $F_{fl}$ ESD1 8
   362,                Ffl ESD1 9,                     $F_{fl}$ ESD1 9
   363,               Ffl ESD1 10,                    $F_{fl}$ ESD1 10
   364,                Ffh ESD1 1,                     $F_{fh}$ ESD1 1
   365,                Ffh ESD1 2,                     $F_{fh}$ ESD1 2
   366,                Ffh ESD1 3,                     $F_{fh}$ ESD1 3
   367,                Ffh ESD1 4,                     $F_{fh}$ ESD1 4
   368,                Ffh ESD1 5,                     $F_{fh}$ ESD1 5
   369,                Ffh ESD1 6,                     $F_{fh}$ ESD1 6
   370,                Ffh ESD1 7,                     $F_{fh}$ ESD1 7
   371,                Ffh ESD1 8,                     $F_{fh}$ ESD1 8
   372,                Ffh ESD1 9,                     $F_{fh}$ ESD1 9
   373,               Ffh ESD1 10,                    $F_{fh}$ ESD1 10
   374,               Fdev ESD1 1,                    $f_{dev}$ ESD1 1
   375,               Fdev ESD1 2,                    $f_{dev}$ ESD1 2
   376,               Fdev ESD1 3,                    $f_{dev}$ ESD1 3
   377,               Fdev ESD1 4,                    $f_{dev}$ ESD1 4
   378,               Fdev ESD1 5,                    $f_{dev}$ ESD1 5
   379,               Fdev ESD1 6,                    $f_{dev}$ ESD1 6
   380,               Fdev ESD1 7,                    $f_{dev}$ ESD1 7
   381,               Fdev ESD1 8,                    $f_{dev}$ ESD1 8
   382,               Fdev ESD1 9,                    $f_{dev}$ ESD1 9
   383,              Fdev ESD1 10,                   $f_{dev}$ ESD1 10
   384,               DB_y ESD1 1,                     $y_{DB}$ ESD1 1
   385,               DB_y ESD1 2,                     $y_{DB}$ ESD1 2
   386,               DB_y ESD1 3,                     $y_{DB}$ ESD1 3
   387,               DB_y ESD1 4,                     $y_{DB}$ ESD1 4
   388,               DB_y ESD1 5,                     $y_{DB}$ ESD1 5
   389,               DB_y ESD1 6,                     $y_{DB}$ ESD1 6
   390,               DB_y ESD1 7,                     $y_{DB}$ ESD1 7
   391,               DB_y ESD1 8,                     $y_{DB}$ ESD1 8
   392,               DB_y ESD1 9,                     $y_{DB}$ ESD1 9
   393,              DB_y ESD1 10,                    $y_{DB}$ ESD1 10
   394,                Fvl ESD1 1,                     $F_{vl}$ ESD1 1
   395,                Fvl ESD1 2,                     $F_{vl}$ ESD1 2
   396,                Fvl ESD1 3,                     $F_{vl}$ ESD1 3
   397,                Fvl ESD1 4,                     $F_{vl}$ ESD1 4
   398,                Fvl ESD1 5,                     $F_{vl}$ ESD1 5
   399,                Fvl ESD1 6,                     $F_{vl}$ ESD1 6
   400,                Fvl ESD1 7,                     $F_{vl}$ ESD1 7
   401,                Fvl ESD1 8,                     $F_{vl}$ ESD1 8
   402,                Fvl ESD1 9,                     $F_{vl}$ ESD1 9
   403,               Fvl ESD1 10,                    $F_{vl}$ ESD1 10
   404,                Fvh ESD1 1,                     $F_{vh}$ ESD1 1
   405,                Fvh ESD1 2,                     $F_{vh}$ ESD1 2
   406,                Fvh ESD1 3,                     $F_{vh}$ ESD1 3
   407,                Fvh ESD1 4,                     $F_{vh}$ ESD1 4
   408,                Fvh ESD1 5,                     $F_{vh}$ ESD1 5
   409,                Fvh ESD1 6,                     $F_{vh}$ ESD1 6
   410,                Fvh ESD1 7,                     $F_{vh}$ ESD1 7
   411,                Fvh ESD1 8,                     $F_{vh}$ ESD1 8
   412,                Fvh ESD1 9,                     $F_{vh}$ ESD1 9
   413,               Fvh ESD1 10,                    $F_{vh}$ ESD1 10
   414,                 vp ESD1 1,                        $V_p$ ESD1 1
   415,                 vp ESD1 2,                        $V_p$ ESD1 2
   416,                 vp ESD1 3,                        $V_p$ ESD1 3
   417,                 vp ESD1 4,                        $V_p$ ESD1 4
   418,                 vp ESD1 5,                        $V_p$ ESD1 5
   419,                 vp ESD1 6,                        $V_p$ ESD1 6
   420,                 vp ESD1 7,                        $V_p$ ESD1 7
   421,                 vp ESD1 8,                        $V_p$ ESD1 8
   422,                 vp ESD1 9,                        $V_p$ ESD1 9
   423,                vp ESD1 10,                       $V_p$ ESD1 10
   424,               Pext ESD1 1,                    $P_{ext}$ ESD1 1
   425,               Pext ESD1 2,                    $P_{ext}$ ESD1 2
   426,               Pext ESD1 3,                    $P_{ext}$ ESD1 3
   427,               Pext ESD1 4,                    $P_{ext}$ ESD1 4
   428,               Pext ESD1 5,                    $P_{ext}$ ESD1 5
   429,               Pext ESD1 6,                    $P_{ext}$ ESD1 6
   430,               Pext ESD1 7,                    $P_{ext}$ ESD1 7
   431,               Pext ESD1 8,                    $P_{ext}$ ESD1 8
   432,               Pext ESD1 9,                    $P_{ext}$ ESD1 9
   433,              Pext ESD1 10,                   $P_{ext}$ ESD1 10
   434,               Pref ESD1 1,                    $P_{ref}$ ESD1 1
   435,               Pref ESD1 2,                    $P_{ref}$ ESD1 2
   436,               Pref ESD1 3,                    $P_{ref}$ ESD1 3
   437,               Pref ESD1 4,                    $P_{ref}$ ESD1 4
   438,               Pref ESD1 5,                    $P_{ref}$ ESD1 5
   439,               Pref ESD1 6,                    $P_{ref}$ ESD1 6
   440,               Pref ESD1 7,                    $P_{ref}$ ESD1 7
   441,               Pref ESD1 8,                    $P_{ref}$ ESD1 8
   442,               Pref ESD1 9,                    $P_{ref}$ ESD1 9
   443,              Pref ESD1 10,                   $P_{ref}$ ESD1 10
   444,               Psum ESD1 1,                    $P_{tot}$ ESD1 1
   445,               Psum ESD1 2,                    $P_{tot}$ ESD1 2
   446,               Psum ESD1 3,                    $P_{tot}$ ESD1 3
   447,               Psum ESD1 4,                    $P_{tot}$ ESD1 4
   448,               Psum ESD1 5,                    $P_{tot}$ ESD1 5
   449,               Psum ESD1 6,                    $P_{tot}$ ESD1 6
   450,               Psum ESD1 7,                    $P_{tot}$ ESD1 7
   451,               Psum ESD1 8,                    $P_{tot}$ ESD1 8
   452,               Psum ESD1 9,                    $P_{tot}$ ESD1 9
   453,              Psum ESD1 10,                   $P_{tot}$ ESD1 10
   454,               Qdrp ESD1 1,                    $Q_{drp}$ ESD1 1
   455,               Qdrp ESD1 2,                    $Q_{drp}$ ESD1 2
   456,               Qdrp ESD1 3,                    $Q_{drp}$ ESD1 3
   457,               Qdrp ESD1 4,                    $Q_{drp}$ ESD1 4
   458,               Qdrp ESD1 5,                    $Q_{drp}$ ESD1 5
   459,               Qdrp ESD1 6,                    $Q_{drp}$ ESD1 6
   460,               Qdrp ESD1 7,                    $Q_{drp}$ ESD1 7
   461,               Qdrp ESD1 8,                    $Q_{drp}$ ESD1 8
   462,               Qdrp ESD1 9,                    $Q_{drp}$ ESD1 9
   463,              Qdrp ESD1 10,                   $Q_{drp}$ ESD1 10
   464,               Qref ESD1 1,                    $Q_{ref}$ ESD1 1
   465,               Qref ESD1 2,                    $Q_{ref}$ ESD1 2
   466,               Qref ESD1 3,                    $Q_{ref}$ ESD1 3
   467,               Qref ESD1 4,                    $Q_{ref}$ ESD1 4
   468,               Qref ESD1 5,                    $Q_{ref}$ ESD1 5
   469,               Qref ESD1 6,                    $Q_{ref}$ ESD1 6
   470,               Qref ESD1 7,                    $Q_{ref}$ ESD1 7
   471,               Qref ESD1 8,                    $Q_{ref}$ ESD1 8
   472,               Qref ESD1 9,                    $Q_{ref}$ ESD1 9
   473,              Qref ESD1 10,                   $Q_{ref}$ ESD1 10
   474,               Qsum ESD1 1,                    $Q_{tot}$ ESD1 1
   475,               Qsum ESD1 2,                    $Q_{tot}$ ESD1 2
   476,               Qsum ESD1 3,                    $Q_{tot}$ ESD1 3
   477,               Qsum ESD1 4,                    $Q_{tot}$ ESD1 4
   478,               Qsum ESD1 5,                    $Q_{tot}$ ESD1 5
   479,               Qsum ESD1 6,                    $Q_{tot}$ ESD1 6
   480,               Qsum ESD1 7,                    $Q_{tot}$ ESD1 7
   481,               Qsum ESD1 8,                    $Q_{tot}$ ESD1 8
   482,               Qsum ESD1 9,                    $Q_{tot}$ ESD1 9
   483,              Qsum ESD1 10,                   $Q_{tot}$ ESD1 10
   484,               Ipul ESD1 1,                   $I_{p,ul}$ ESD1 1
   485,               Ipul ESD1 2,                   $I_{p,ul}$ ESD1 2
   486,               Ipul ESD1 3,                   $I_{p,ul}$ ESD1 3
   487,               Ipul ESD1 4,                   $I_{p,ul}$ ESD1 4
   488,               Ipul ESD1 5,                   $I_{p,ul}$ ESD1 5
   489,               Ipul ESD1 6,                   $I_{p,ul}$ ESD1 6
   490,               Ipul ESD1 7,                   $I_{p,ul}$ ESD1 7
   491,               Ipul ESD1 8,                   $I_{p,ul}$ ESD1 8
   492,               Ipul ESD1 9,                   $I_{p,ul}$ ESD1 9
   493,              Ipul ESD1 10,                  $I_{p,ul}$ ESD1 10
   494,               Iqul ESD1 1,                   $I_{q,ul}$ ESD1 1
   495,               Iqul ESD1 2,                   $I_{q,ul}$ ESD1 2
   496,               Iqul ESD1 3,                   $I_{q,ul}$ ESD1 3
   497,               Iqul ESD1 4,                   $I_{q,ul}$ ESD1 4
   498,               Iqul ESD1 5,                   $I_{q,ul}$ ESD1 5
   499,               Iqul ESD1 6,                   $I_{q,ul}$ ESD1 6
   500,               Iqul ESD1 7,                   $I_{q,ul}$ ESD1 7
   501,               Iqul ESD1 8,                   $I_{q,ul}$ ESD1 8
   502,               Iqul ESD1 9,                   $I_{q,ul}$ ESD1 9
   503,              Iqul ESD1 10,                  $I_{q,ul}$ ESD1 10
   504,              Ipmax ESD1 1,                   $I_{pmax}$ ESD1 1
   505,              Ipmax ESD1 2,                   $I_{pmax}$ ESD1 2
   506,              Ipmax ESD1 3,                   $I_{pmax}$ ESD1 3
   507,              Ipmax ESD1 4,                   $I_{pmax}$ ESD1 4
   508,              Ipmax ESD1 5,                   $I_{pmax}$ ESD1 5
   509,              Ipmax ESD1 6,                   $I_{pmax}$ ESD1 6
   510,              Ipmax ESD1 7,                   $I_{pmax}$ ESD1 7
   511,              Ipmax ESD1 8,                   $I_{pmax}$ ESD1 8
   512,              Ipmax ESD1 9,                   $I_{pmax}$ ESD1 9
   513,             Ipmax ESD1 10,                  $I_{pmax}$ ESD1 10
   514,              Iqmax ESD1 1,                   $I_{qmax}$ ESD1 1
   515,              Iqmax ESD1 2,                   $I_{qmax}$ ESD1 2
   516,              Iqmax ESD1 3,                   $I_{qmax}$ ESD1 3
   517,              Iqmax ESD1 4,                   $I_{qmax}$ ESD1 4
   518,              Iqmax ESD1 5,                   $I_{qmax}$ ESD1 5
   519,              Iqmax ESD1 6,                   $I_{qmax}$ ESD1 6
   520,              Iqmax ESD1 7,                   $I_{qmax}$ ESD1 7
   521,              Iqmax ESD1 8,                   $I_{qmax}$ ESD1 8
   522,              Iqmax ESD1 9,                   $I_{qmax}$ ESD1 9
   523,             Iqmax ESD1 10,                  $I_{qmax}$ ESD1 10
   524,            Ipcmd_x ESD1 1,               $x_{I^{pcmd}}$ ESD1 1
   525,            Ipcmd_x ESD1 2,               $x_{I^{pcmd}}$ ESD1 2
   526,            Ipcmd_x ESD1 3,               $x_{I^{pcmd}}$ ESD1 3
   527,            Ipcmd_x ESD1 4,               $x_{I^{pcmd}}$ ESD1 4
   528,            Ipcmd_x ESD1 5,               $x_{I^{pcmd}}$ ESD1 5
   529,            Ipcmd_x ESD1 6,               $x_{I^{pcmd}}$ ESD1 6
   530,            Ipcmd_x ESD1 7,               $x_{I^{pcmd}}$ ESD1 7
   531,            Ipcmd_x ESD1 8,               $x_{I^{pcmd}}$ ESD1 8
   532,            Ipcmd_x ESD1 9,               $x_{I^{pcmd}}$ ESD1 9
   533,           Ipcmd_x ESD1 10,              $x_{I^{pcmd}}$ ESD1 10
   534,            Ipcmd_y ESD1 1,               $y_{I^{pcmd}}$ ESD1 1
   535,            Ipcmd_y ESD1 2,               $y_{I^{pcmd}}$ ESD1 2
   536,            Ipcmd_y ESD1 3,               $y_{I^{pcmd}}$ ESD1 3
   537,            Ipcmd_y ESD1 4,               $y_{I^{pcmd}}$ ESD1 4
   538,            Ipcmd_y ESD1 5,               $y_{I^{pcmd}}$ ESD1 5
   539,            Ipcmd_y ESD1 6,               $y_{I^{pcmd}}$ ESD1 6
   540,            Ipcmd_y ESD1 7,               $y_{I^{pcmd}}$ ESD1 7
   541,            Ipcmd_y ESD1 8,               $y_{I^{pcmd}}$ ESD1 8
   542,            Ipcmd_y ESD1 9,               $y_{I^{pcmd}}$ ESD1 9
   543,           Ipcmd_y ESD1 10,              $y_{I^{pcmd}}$ ESD1 10
   544,            Iqcmd_x ESD1 1,               $x_{I^{qcmd}}$ ESD1 1
   545,            Iqcmd_x ESD1 2,               $x_{I^{qcmd}}$ ESD1 2
   546,            Iqcmd_x ESD1 3,               $x_{I^{qcmd}}$ ESD1 3
   547,            Iqcmd_x ESD1 4,               $x_{I^{qcmd}}$ ESD1 4
   548,            Iqcmd_x ESD1 5,               $x_{I^{qcmd}}$ ESD1 5
   549,            Iqcmd_x ESD1 6,               $x_{I^{qcmd}}$ ESD1 6
   550,            Iqcmd_x ESD1 7,               $x_{I^{qcmd}}$ ESD1 7
   551,            Iqcmd_x ESD1 8,               $x_{I^{qcmd}}$ ESD1 8
   552,            Iqcmd_x ESD1 9,               $x_{I^{qcmd}}$ ESD1 9
   553,           Iqcmd_x ESD1 10,              $x_{I^{qcmd}}$ ESD1 10
   554,            Iqcmd_y ESD1 1,               $y_{I^{qcmd}}$ ESD1 1
   555,            Iqcmd_y ESD1 2,               $y_{I^{qcmd}}$ ESD1 2
   556,            Iqcmd_y ESD1 3,               $y_{I^{qcmd}}$ ESD1 3
   557,            Iqcmd_y ESD1 4,               $y_{I^{qcmd}}$ ESD1 4
   558,            Iqcmd_y ESD1 5,               $y_{I^{qcmd}}$ ESD1 5
   559,            Iqcmd_y ESD1 6,               $y_{I^{qcmd}}$ ESD1 6
   560,            Iqcmd_y ESD1 7,               $y_{I^{qcmd}}$ ESD1 7
   561,            Iqcmd_y ESD1 8,               $y_{I^{qcmd}}$ ESD1 8
   562,            Iqcmd_y ESD1 9,               $y_{I^{qcmd}}$ ESD1 9
   563,           Iqcmd_y ESD1 10,              $y_{I^{qcmd}}$ ESD1 10
   564,              Ipmin ESD1 1,                      $Ipmin$ ESD1 1
   565,              Ipmin ESD1 2,                      $Ipmin$ ESD1 2
   566,              Ipmin ESD1 3,                      $Ipmin$ ESD1 3
   567,              Ipmin ESD1 4,                      $Ipmin$ ESD1 4
   568,              Ipmin ESD1 5,                      $Ipmin$ ESD1 5
   569,              Ipmin ESD1 6,                      $Ipmin$ ESD1 6
   570,              Ipmin ESD1 7,                      $Ipmin$ ESD1 7
   571,              Ipmin ESD1 8,                      $Ipmin$ ESD1 8
   572,              Ipmin ESD1 9,                      $Ipmin$ ESD1 9
   573,             Ipmin ESD1 10,                     $Ipmin$ ESD1 10
