     0,                  Time [s],                            Time [s]
     1,             slip Motor5 1,                   $\sigma$ Motor5 1
     2,              e1d Motor5 1,                     $e'_d$ Motor5 1
     3,              e1q Motor5 1,                     $e'_q$ Motor5 1
     4,              e2d Motor5 1,                    $e''_d$ Motor5 1
     5,              e2q Motor5 1,                    $e''_q$ Motor5 1
     6,            delta GENROU 1,                   $\delta$ GENROU 1
     7,            delta GENROU 2,                   $\delta$ GENROU 2
     8,            delta GENROU 3,                   $\delta$ GENROU 3
     9,            delta GENROU 4,                   $\delta$ GENROU 4
    10,            omega GENROU 1,                   $\omega$ GENROU 1
    11,            omega GENROU 2,                   $\omega$ GENROU 2
    12,            omega GENROU 3,                   $\omega$ GENROU 3
    13,            omega GENROU 4,                   $\omega$ GENROU 4
    14,              e1q GENROU 1,                   ${e'_q}$ GENROU 1
    15,              e1q GENROU 2,                   ${e'_q}$ GENROU 2
    16,              e1q GENROU 3,                   ${e'_q}$ GENROU 3
    17,              e1q GENROU 4,                   ${e'_q}$ GENROU 4
    18,              e1d GENROU 1,                   ${e'_d}$ GENROU 1
    19,              e1d GENROU 2,                   ${e'_d}$ GENROU 2
    20,              e1d GENROU 3,                   ${e'_d}$ GENROU 3
    21,              e1d GENROU 4,                   ${e'_d}$ GENROU 4
    22,              e2d GENROU 1,                  ${e''_d}$ GENROU 1
    23,              e2d GENROU 2,                  ${e''_d}$ GENROU 2
    24,              e2d GENROU 3,                  ${e''_d}$ GENROU 3
    25,              e2d GENROU 4,                  ${e''_d}$ GENROU 4
    26,              e2q GENROU 1,                  ${e''_q}$ GENROU 1
    27,              e2q GENROU 2,                  ${e''_q}$ GENROU 2
    28,              e2q GENROU 3,                  ${e''_q}$ GENROU 3
    29,              e2q GENROU 4,                  ${e''_q}$ GENROU 4
    30,             LAG_y TGOV1 1,                   $y_{LAG}$ TGOV1 1
    31,             LAG_y TGOV1 2,                   $y_{LAG}$ TGOV1 2
    32,             LAG_y TGOV1 3,                   $y_{LAG}$ TGOV1 3
    33,             LAG_y TGOV1 4,                   $y_{LAG}$ TGOV1 4
    34,              LL_x TGOV1 1,                   $x'_{LL}$ TGOV1 1
    35,              LL_x TGOV1 2,                   $x'_{LL}$ TGOV1 2
    36,              LL_x TGOV1 3,                   $x'_{LL}$ TGOV1 3
    37,              LL_x TGOV1 4,                   $x'_{LL}$ TGOV1 4
    38,                vp EXDC2 1,                       $V_p$ EXDC2 1
    39,                vp EXDC2 2,                       $V_p$ EXDC2 2
    40,                vp EXDC2 3,                       $V_p$ EXDC2 3
    41,                vp EXDC2 4,                       $V_p$ EXDC2 4
    42,              LS_y EXDC2 1,                    $y_{LS}$ EXDC2 1
    43,              LS_y EXDC2 2,                    $y_{LS}$ EXDC2 2
    44,              LS_y EXDC2 3,                    $y_{LS}$ EXDC2 3
    45,              LS_y EXDC2 4,                    $y_{LS}$ EXDC2 4
    46,              LL_x EXDC2 1,                   $x'_{LL}$ EXDC2 1
    47,              LL_x EXDC2 2,                   $x'_{LL}$ EXDC2 2
    48,              LL_x EXDC2 3,                   $x'_{LL}$ EXDC2 3
    49,              LL_x EXDC2 4,                   $x'_{LL}$ EXDC2 4
    50,              LA_y EXDC2 1,                    $y_{LA}$ EXDC2 1
    51,              LA_y EXDC2 2,                    $y_{LA}$ EXDC2 2
    52,              LA_y EXDC2 3,                    $y_{LA}$ EXDC2 3
    53,              LA_y EXDC2 4,                    $y_{LA}$ EXDC2 4
    54,               W_x EXDC2 1,                    $x'_{W}$ EXDC2 1
    55,               W_x EXDC2 2,                    $x'_{W}$ EXDC2 2
    56,               W_x EXDC2 3,                    $x'_{W}$ EXDC2 3
    57,               W_x EXDC2 4,                    $x'_{W}$ EXDC2 4
    58,                   a Bus 1,                      $\theta$ Bus 1
    59,                   a Bus 2,                      $\theta$ Bus 2
    60,                   a Bus 3,                      $\theta$ Bus 3
    61,                   a Bus 4,                      $\theta$ Bus 4
    62,                   a Bus 5,                      $\theta$ Bus 5
    63,                   a Bus 6,                      $\theta$ Bus 6
    64,                   a Bus 7,                      $\theta$ Bus 7
    65,                   a Bus 8,                      $\theta$ Bus 8
    66,                   a Bus 9,                      $\theta$ Bus 9
    67,                  a Bus 10,                     $\theta$ Bus 10
    68,                   v Bus 1,                           $V$ Bus 1
    69,                   v Bus 2,                           $V$ Bus 2
    70,                   v Bus 3,                           $V$ Bus 3
    71,                   v Bus 4,                           $V$ Bus 4
    72,                   v Bus 5,                           $V$ Bus 5
    73,                   v Bus 6,                           $V$ Bus 6
    74,                   v Bus 7,                           $V$ Bus 7
    75,                   v Bus 8,                           $V$ Bus 8
    76,                   v Bus 9,                           $V$ Bus 9
    77,                  v Bus 10,                          $V$ Bus 10
    78,                    q PV 2,                            $q$ PV 2
    79,                    q PV 3,                            $q$ PV 3
    80,                    q PV 4,                            $q$ PV 4
    81,                 q Slack 1,                         $q$ Slack 1
    82,                 p Slack 1,                         $p$ Slack 1
    83,               vd Motor5 1,                      $V_d$ Motor5 1
    84,               vq Motor5 1,                      $V_q$ Motor5 1
    85,                p Motor5 1,                        $P$ Motor5 1
    86,                q Motor5 1,                        $Q$ Motor5 1
    87,               Id Motor5 1,                      $I_d$ Motor5 1
    88,               Iq Motor5 1,                      $I_q$ Motor5 1
    89,               te Motor5 1,                   $\tau_e$ Motor5 1
    90,               tm Motor5 1,                   $\tau_m$ Motor5 1
    91,               Id GENROU 1,                      $I_d$ GENROU 1
    92,               Id GENROU 2,                      $I_d$ GENROU 2
    93,               Id GENROU 3,                      $I_d$ GENROU 3
    94,               Id GENROU 4,                      $I_d$ GENROU 4
    95,               Iq GENROU 1,                      $I_q$ GENROU 1
    96,               Iq GENROU 2,                      $I_q$ GENROU 2
    97,               Iq GENROU 3,                      $I_q$ GENROU 3
    98,               Iq GENROU 4,                      $I_q$ GENROU 4
    99,               vd GENROU 1,                      $V_d$ GENROU 1
   100,               vd GENROU 2,                      $V_d$ GENROU 2
   101,               vd GENROU 3,                      $V_d$ GENROU 3
   102,               vd GENROU 4,                      $V_d$ GENROU 4
   103,               vq GENROU 1,                      $V_q$ GENROU 1
   104,               vq GENROU 2,                      $V_q$ GENROU 2
   105,               vq GENROU 3,                      $V_q$ GENROU 3
   106,               vq GENROU 4,                      $V_q$ GENROU 4
   107,               tm GENROU 1,                   $\tau_m$ GENROU 1
   108,               tm GENROU 2,                   $\tau_m$ GENROU 2
   109,               tm GENROU 3,                   $\tau_m$ GENROU 3
   110,               tm GENROU 4,                   $\tau_m$ GENROU 4
   111,               te GENROU 1,                   $\tau_e$ GENROU 1
   112,               te GENROU 2,                   $\tau_e$ GENROU 2
   113,               te GENROU 3,                   $\tau_e$ GENROU 3
   114,               te GENROU 4,                   $\tau_e$ GENROU 4
   115,               vf GENROU 1,                      $v_f$ GENROU 1
   116,               vf GENROU 2,                      $v_f$ GENROU 2
   117,               vf GENROU 3,                      $v_f$ GENROU 3
   118,               vf GENROU 4,                      $v_f$ GENROU 4
   119,           XadIfd GENROU 1,             $X_{ad}I_{fd}$ GENROU 1
   120,           XadIfd GENROU 2,             $X_{ad}I_{fd}$ GENROU 2
   121,           XadIfd GENROU 3,             $X_{ad}I_{fd}$ GENROU 3
   122,           XadIfd GENROU 4,             $X_{ad}I_{fd}$ GENROU 4
   123,               Pe GENROU 1,                      $P_e$ GENROU 1
   124,               Pe GENROU 2,                      $P_e$ GENROU 2
   125,               Pe GENROU 3,                      $P_e$ GENROU 3
   126,               Pe GENROU 4,                      $P_e$ GENROU 4
   127,               Qe GENROU 1,                      $Q_e$ GENROU 1
   128,               Qe GENROU 2,                      $Q_e$ GENROU 2
   129,               Qe GENROU 3,                      $Q_e$ GENROU 3
   130,               Qe GENROU 4,                      $Q_e$ GENROU 4
   131,             psid GENROU 1,                   $\psi_d$ GENROU 1
   132,             psid GENROU 2,                   $\psi_d$ GENROU 2
   133,             psid GENROU 3,                   $\psi_d$ GENROU 3
   134,             psid GENROU 4,                   $\psi_d$ GENROU 4
   135,             psiq GENROU 1,                   $\psi_q$ GENROU 1
   136,             psiq GENROU 2,                   $\psi_q$ GENROU 2
   137,             psiq GENROU 3,                   $\psi_q$ GENROU 3
   138,             psiq GENROU 4,                   $\psi_q$ GENROU 4
   139,            psi2q GENROU 1,                $\psi_{aq}$ GENROU 1
   140,            psi2q GENROU 2,                $\psi_{aq}$ GENROU 2
   141,            psi2q GENROU 3,                $\psi_{aq}$ GENROU 3
   142,            psi2q GENROU 4,                $\psi_{aq}$ GENROU 4
   143,            psi2d GENROU 1,                $\psi_{ad}$ GENROU 1
   144,            psi2d GENROU 2,                $\psi_{ad}$ GENROU 2
   145,            psi2d GENROU 3,                $\psi_{ad}$ GENROU 3
   146,            psi2d GENROU 4,                $\psi_{ad}$ GENROU 4
   147,             psi2 GENROU 1,                   $\psi_a$ GENROU 1
   148,             psi2 GENROU 2,                   $\psi_a$ GENROU 2
   149,             psi2 GENROU 3,                   $\psi_a$ GENROU 3
   150,             psi2 GENROU 4,                   $\psi_a$ GENROU 4
   151,               Se GENROU 1,          $S_e(|\psi_{a}|)$ GENROU 1
   152,               Se GENROU 2,          $S_e(|\psi_{a}|)$ GENROU 2
   153,               Se GENROU 3,          $S_e(|\psi_{a}|)$ GENROU 3
   154,               Se GENROU 4,          $S_e(|\psi_{a}|)$ GENROU 4
   155,           XaqI1q GENROU 1,             $X_{aq}I_{1q}$ GENROU 1
   156,           XaqI1q GENROU 2,             $X_{aq}I_{1q}$ GENROU 2
   157,           XaqI1q GENROU 3,             $X_{aq}I_{1q}$ GENROU 3
   158,           XaqI1q GENROU 4,             $X_{aq}I_{1q}$ GENROU 4
   159,              paux TGOV1 1,                   $P_{aux}$ TGOV1 1
   160,              paux TGOV1 2,                   $P_{aux}$ TGOV1 2
   161,              paux TGOV1 3,                   $P_{aux}$ TGOV1 3
   162,              paux TGOV1 4,                   $P_{aux}$ TGOV1 4
   163,              pout TGOV1 1,                   $P_{out}$ TGOV1 1
   164,              pout TGOV1 2,                   $P_{out}$ TGOV1 2
   165,              pout TGOV1 3,                   $P_{out}$ TGOV1 3
   166,              pout TGOV1 4,                   $P_{out}$ TGOV1 4
   167,              wref TGOV1 1,              $\omega_{ref}$ TGOV1 1
   168,              wref TGOV1 2,              $\omega_{ref}$ TGOV1 2
   169,              wref TGOV1 3,              $\omega_{ref}$ TGOV1 3
   170,              wref TGOV1 4,              $\omega_{ref}$ TGOV1 4
   171,              pref TGOV1 1,                   $P_{ref}$ TGOV1 1
   172,              pref TGOV1 2,                   $P_{ref}$ TGOV1 2
   173,              pref TGOV1 3,                   $P_{ref}$ TGOV1 3
   174,              pref TGOV1 4,                   $P_{ref}$ TGOV1 4
   175,                wd TGOV1 1,              $\omega_{dev}$ TGOV1 1
   176,                wd TGOV1 2,              $\omega_{dev}$ TGOV1 2
   177,                wd TGOV1 3,              $\omega_{dev}$ TGOV1 3
   178,                wd TGOV1 4,              $\omega_{dev}$ TGOV1 4
   179,                pd TGOV1 1,                       $P_d$ TGOV1 1
   180,                pd TGOV1 2,                       $P_d$ TGOV1 2
   181,                pd TGOV1 3,                       $P_d$ TGOV1 3
   182,                pd TGOV1 4,                       $P_d$ TGOV1 4
   183,              LL_y TGOV1 1,                    $y_{LL}$ TGOV1 1
   184,              LL_y TGOV1 2,                    $y_{LL}$ TGOV1 2
   185,              LL_y TGOV1 3,                    $y_{LL}$ TGOV1 3
   186,              LL_y TGOV1 4,                    $y_{LL}$ TGOV1 4
   187,                 v EXDC2 1,                  $E_{term}$ EXDC2 1
   188,                 v EXDC2 2,                  $E_{term}$ EXDC2 2
   189,                 v EXDC2 3,                  $E_{term}$ EXDC2 3
   190,                 v EXDC2 4,                  $E_{term}$ EXDC2 4
   191,              vout EXDC2 1,                   $v_{out}$ EXDC2 1
   192,              vout EXDC2 2,                   $v_{out}$ EXDC2 2
   193,              vout EXDC2 3,                   $v_{out}$ EXDC2 3
   194,              vout EXDC2 4,                   $v_{out}$ EXDC2 4
   195,              vref EXDC2 1,                   $V_{ref}$ EXDC2 1
   196,              vref EXDC2 2,                   $V_{ref}$ EXDC2 2
   197,              vref EXDC2 3,                   $V_{ref}$ EXDC2 3
   198,              vref EXDC2 4,                   $V_{ref}$ EXDC2 4
   199,                Se EXDC2 1,            $S_e(|V_{out}|)$ EXDC2 1
   200,                Se EXDC2 2,            $S_e(|V_{out}|)$ EXDC2 2
   201,                Se EXDC2 3,            $S_e(|V_{out}|)$ EXDC2 3
   202,                Se EXDC2 4,            $S_e(|V_{out}|)$ EXDC2 4
   203,                vi EXDC2 1,                       $V_i$ EXDC2 1
   204,                vi EXDC2 2,                       $V_i$ EXDC2 2
   205,                vi EXDC2 3,                       $V_i$ EXDC2 3
   206,                vi EXDC2 4,                       $V_i$ EXDC2 4
   207,              LL_y EXDC2 1,                    $y_{LL}$ EXDC2 1
   208,              LL_y EXDC2 2,                    $y_{LL}$ EXDC2 2
   209,              LL_y EXDC2 3,                    $y_{LL}$ EXDC2 3
   210,              LL_y EXDC2 4,                    $y_{LL}$ EXDC2 4
   211,               W_y EXDC2 1,                     $y_{W}$ EXDC2 1
   212,               W_y EXDC2 2,                     $y_{W}$ EXDC2 2
   213,               W_y EXDC2 3,                     $y_{W}$ EXDC2 3
   214,               W_y EXDC2 4,                     $y_{W}$ EXDC2 4
