     0,                  Time [s],                            Time [s]
     1,            delta GENROU 1,                   $\delta$ GENROU 1
     2,            delta GENROU 2,                   $\delta$ GENROU 2
     3,            delta GENROU 3,                   $\delta$ GENROU 3
     4,            omega GENROU 1,                   $\omega$ GENROU 1
     5,            omega GENROU 2,                   $\omega$ GENROU 2
     6,            omega GENROU 3,                   $\omega$ GENROU 3
     7,              e1q GENROU 1,                   ${e'_q}$ GENROU 1
     8,              e1q GENROU 2,                   ${e'_q}$ GENROU 2
     9,              e1q GENROU 3,                   ${e'_q}$ GENROU 3
    10,              e1d GENROU 1,                   ${e'_d}$ GENROU 1
    11,              e1d GENROU 2,                   ${e'_d}$ GENROU 2
    12,              e1d GENROU 3,                   ${e'_d}$ GENROU 3
    13,              e2d GENROU 1,                  ${e''_d}$ GENROU 1
    14,              e2d GENROU 2,                  ${e''_d}$ GENROU 2
    15,              e2d GENROU 3,                  ${e''_d}$ GENROU 3
    16,              e2q GENROU 1,                  ${e''_q}$ GENROU 1
    17,              e2q GENROU 2,                  ${e''_q}$ GENROU 2
    18,              e2q GENROU 3,                  ${e''_q}$ GENROU 3
    19,             LAG_y TGOV1 1,                   $y_{LAG}$ TGOV1 1
    20,             LAG_y TGOV1 2,                   $y_{LAG}$ TGOV1 2
    21,             LAG_y TGOV1 3,                   $y_{LAG}$ TGOV1 3
    22,              LL_x TGOV1 1,                   $x'_{LL}$ TGOV1 1
    23,              LL_x TGOV1 2,                   $x'_{LL}$ TGOV1 2
    24,              LL_x TGOV1 3,                   $x'_{LL}$ TGOV1 3
    25,                vp EXDC2 1,                       $V_p$ EXDC2 1
    26,                vp EXDC2 2,                       $V_p$ EXDC2 2
    27,                vp EXDC2 3,                       $V_p$ EXDC2 3
    28,              LS_y EXDC2 1,                    $y_{LS}$ EXDC2 1
    29,              LS_y EXDC2 2,                    $y_{LS}$ EXDC2 2
    30,              LS_y EXDC2 3,                    $y_{LS}$ EXDC2 3
    31,              LL_x EXDC2 1,                   $x'_{LL}$ EXDC2 1
    32,              LL_x EXDC2 2,                   $x'_{LL}$ EXDC2 2
    33,              LL_x EXDC2 3,                   $x'_{LL}$ EXDC2 3
    34,              LA_y EXDC2 1,                    $y_{LA}$ EXDC2 1
    35,              LA_y EXDC2 2,                    $y_{LA}$ EXDC2 2
    36,              LA_y EXDC2 3,                    $y_{LA}$ EXDC2 3
    37,               W_x EXDC2 1,                    $x'_{W}$ EXDC2 1
    38,               W_x EXDC2 2,                    $x'_{W}$ EXDC2 2
    39,               W_x EXDC2 3,                    $x'_{W}$ EXDC2 3
    40,             L_y BusFreq 1,                   $y_{L}$ BusFreq 1
    41,            WO_x BusFreq 1,                 $x'_{WO}$ BusFreq 1
    42,            Psen_y REGF1 1,                  $y_{Psen}$ REGF1 1
    43,            Qsen_y REGF1 1,                  $y_{Qsen}$ REGF1 1
    44,            Psig_y REGF1 1,                  $y_{Psig}$ REGF1 1
    45,            Qsig_y REGF1 1,                  $y_{Qsig}$ REGF1 1
    46,         PIplim_xi REGF1 1,               $xi_{PIplim}$ REGF1 1
    47,         PIqlim_xi REGF1 1,               $xi_{PIqlim}$ REGF1 1
    48,             delta REGF1 1,                    $\delta$ REGF1 1
    49,           PIvd_xi REGF1 1,                 $xi_{PIvd}$ REGF1 1
    50,           PIvq_xi REGF1 1,                 $xi_{PIvq}$ REGF1 1
    51,           PIId_xi REGF1 1,                 $xi_{PIId}$ REGF1 1
    52,           PIIq_xi REGF1 1,                 $xi_{PIIq}$ REGF1 1
    53,           udLag_y REGF1 1,                 $y_{udLag}$ REGF1 1
    54,           uqLag_y REGF1 1,                 $y_{uqLag}$ REGF1 1
    55,                   a Bus 1,                      $\theta$ Bus 1
    56,                   a Bus 2,                      $\theta$ Bus 2
    57,                   a Bus 3,                      $\theta$ Bus 3
    58,                   a Bus 4,                      $\theta$ Bus 4
    59,                   a Bus 5,                      $\theta$ Bus 5
    60,                   a Bus 6,                      $\theta$ Bus 6
    61,                   a Bus 7,                      $\theta$ Bus 7
    62,                   a Bus 8,                      $\theta$ Bus 8
    63,                   a Bus 9,                      $\theta$ Bus 9
    64,                  a Bus 10,                     $\theta$ Bus 10
    65,                   v Bus 1,                           $V$ Bus 1
    66,                   v Bus 2,                           $V$ Bus 2
    67,                   v Bus 3,                           $V$ Bus 3
    68,                   v Bus 4,                           $V$ Bus 4
    69,                   v Bus 5,                           $V$ Bus 5
    70,                   v Bus 6,                           $V$ Bus 6
    71,                   v Bus 7,                           $V$ Bus 7
    72,                   v Bus 8,                           $V$ Bus 8
    73,                   v Bus 9,                           $V$ Bus 9
    74,                  v Bus 10,                          $V$ Bus 10
    75,                    q PV 2,                            $q$ PV 2
    76,                    q PV 3,                            $q$ PV 3
    77,                    q PV 4,                            $q$ PV 4
    78,                 q Slack 1,                         $q$ Slack 1
    79,                 p Slack 1,                         $p$ Slack 1
    80,               Id GENROU 1,                      $I_d$ GENROU 1
    81,               Id GENROU 2,                      $I_d$ GENROU 2
    82,               Id GENROU 3,                      $I_d$ GENROU 3
    83,               Iq GENROU 1,                      $I_q$ GENROU 1
    84,               Iq GENROU 2,                      $I_q$ GENROU 2
    85,               Iq GENROU 3,                      $I_q$ GENROU 3
    86,               vd GENROU 1,                      $V_d$ GENROU 1
    87,               vd GENROU 2,                      $V_d$ GENROU 2
    88,               vd GENROU 3,                      $V_d$ GENROU 3
    89,               vq GENROU 1,                      $V_q$ GENROU 1
    90,               vq GENROU 2,                      $V_q$ GENROU 2
    91,               vq GENROU 3,                      $V_q$ GENROU 3
    92,               tm GENROU 1,                   $\tau_m$ GENROU 1
    93,               tm GENROU 2,                   $\tau_m$ GENROU 2
    94,               tm GENROU 3,                   $\tau_m$ GENROU 3
    95,               te GENROU 1,                   $\tau_e$ GENROU 1
    96,               te GENROU 2,                   $\tau_e$ GENROU 2
    97,               te GENROU 3,                   $\tau_e$ GENROU 3
    98,               vf GENROU 1,                      $v_f$ GENROU 1
    99,               vf GENROU 2,                      $v_f$ GENROU 2
   100,               vf GENROU 3,                      $v_f$ GENROU 3
   101,           XadIfd GENROU 1,             $X_{ad}I_{fd}$ GENROU 1
   102,           XadIfd GENROU 2,             $X_{ad}I_{fd}$ GENROU 2
   103,           XadIfd GENROU 3,             $X_{ad}I_{fd}$ GENROU 3
   104,               Pe GENROU 1,                      $P_e$ GENROU 1
   105,               Pe GENROU 2,                      $P_e$ GENROU 2
   106,               Pe GENROU 3,                      $P_e$ GENROU 3
   107,               Qe GENROU 1,                      $Q_e$ GENROU 1
   108,               Qe GENROU 2,                      $Q_e$ GENROU 2
   109,               Qe GENROU 3,                      $Q_e$ GENROU 3
   110,             psid GENROU 1,                   $\psi_d$ GENROU 1
   111,             psid GENROU 2,                   $\psi_d$ GENROU 2
   112,             psid GENROU 3,                   $\psi_d$ GENROU 3
   113,             psiq GENROU 1,                   $\psi_q$ GENROU 1
   114,             psiq GENROU 2,                   $\psi_q$ GENROU 2
   115,             psiq GENROU 3,                   $\psi_q$ GENROU 3
   116,            psi2q GENROU 1,                $\psi_{aq}$ GENROU 1
   117,            psi2q GENROU 2,                $\psi_{aq}$ GENROU 2
   118,            psi2q GENROU 3,                $\psi_{aq}$ GENROU 3
   119,            psi2d GENROU 1,                $\psi_{ad}$ GENROU 1
   120,            psi2d GENROU 2,                $\psi_{ad}$ GENROU 2
   121,            psi2d GENROU 3,                $\psi_{ad}$ GENROU 3
   122,             psi2 GENROU 1,                   $\psi_a$ GENROU 1
   123,             psi2 GENROU 2,                   $\psi_a$ GENROU 2
   124,             psi2 GENROU 3,                   $\psi_a$ GENROU 3
   125,               Se GENROU 1,          $S_e(|\psi_{a}|)$ GENROU 1
   126,               Se GENROU 2,          $S_e(|\psi_{a}|)$ GENROU 2
   127,               Se GENROU 3,          $S_e(|\psi_{a}|)$ GENROU 3
   128,           XaqI1q GENROU 1,             $X_{aq}I_{1q}$ GENROU 1
   129,           XaqI1q GENROU 2,             $X_{aq}I_{1q}$ GENROU 2
   130,           XaqI1q GENROU 3,             $X_{aq}I_{1q}$ GENROU 3
   131,              paux TGOV1 1,                   $P_{aux}$ TGOV1 1
   132,              paux TGOV1 2,                   $P_{aux}$ TGOV1 2
   133,              paux TGOV1 3,                   $P_{aux}$ TGOV1 3
   134,              pout TGOV1 1,                   $P_{out}$ TGOV1 1
   135,              pout TGOV1 2,                   $P_{out}$ TGOV1 2
   136,              pout TGOV1 3,                   $P_{out}$ TGOV1 3
   137,              wref TGOV1 1,              $\omega_{ref}$ TGOV1 1
   138,              wref TGOV1 2,              $\omega_{ref}$ TGOV1 2
   139,              wref TGOV1 3,              $\omega_{ref}$ TGOV1 3
   140,              pref TGOV1 1,                   $P_{ref}$ TGOV1 1
   141,              pref TGOV1 2,                   $P_{ref}$ TGOV1 2
   142,              pref TGOV1 3,                   $P_{ref}$ TGOV1 3
   143,                wd TGOV1 1,              $\omega_{dev}$ TGOV1 1
   144,                wd TGOV1 2,              $\omega_{dev}$ TGOV1 2
   145,                wd TGOV1 3,              $\omega_{dev}$ TGOV1 3
   146,                pd TGOV1 1,                       $P_d$ TGOV1 1
   147,                pd TGOV1 2,                       $P_d$ TGOV1 2
   148,                pd TGOV1 3,                       $P_d$ TGOV1 3
   149,              LL_y TGOV1 1,                    $y_{LL}$ TGOV1 1
   150,              LL_y TGOV1 2,                    $y_{LL}$ TGOV1 2
   151,              LL_y TGOV1 3,                    $y_{LL}$ TGOV1 3
   152,                 v EXDC2 1,                  $E_{term}$ EXDC2 1
   153,                 v EXDC2 2,                  $E_{term}$ EXDC2 2
   154,                 v EXDC2 3,                  $E_{term}$ EXDC2 3
   155,              vout EXDC2 1,                   $v_{out}$ EXDC2 1
   156,              vout EXDC2 2,                   $v_{out}$ EXDC2 2
   157,              vout EXDC2 3,                   $v_{out}$ EXDC2 3
   158,              vref EXDC2 1,                   $V_{ref}$ EXDC2 1
   159,              vref EXDC2 2,                   $V_{ref}$ EXDC2 2
   160,              vref EXDC2 3,                   $V_{ref}$ EXDC2 3
   161,                Se EXDC2 1,            $S_e(|V_{out}|)$ EXDC2 1
   162,                Se EXDC2 2,            $S_e(|V_{out}|)$ EXDC2 2
   163,                Se EXDC2 3,            $S_e(|V_{out}|)$ EXDC2 3
   164,                vi EXDC2 1,                       $V_i$ EXDC2 1
   165,                vi EXDC2 2,                       $V_i$ EXDC2 2
   166,                vi EXDC2 3,                       $V_i$ EXDC2 3
   167,              LL_y EXDC2 1,                    $y_{LL}$ EXDC2 1
   168,              LL_y EXDC2 2,                    $y_{LL}$ EXDC2 2
   169,              LL_y EXDC2 3,                    $y_{LL}$ EXDC2 3
   170,               W_y EXDC2 1,                     $y_{W}$ EXDC2 1
   171,               W_y EXDC2 2,                     $y_{W}$ EXDC2 2
   172,               W_y EXDC2 3,                     $y_{W}$ EXDC2 3
   173,            WO_y BusFreq 1,                  $y_{WO}$ BusFreq 1
   174,               f BusFreq 1,                       $f$ BusFreq 1
   175,              Paux REGF1 1,                      $Paux$ REGF1 1
   176,              Qaux REGF1 1,                      $Qaux$ REGF1 1
   177,          PIplim_y REGF1 1,                $y_{PIplim}$ REGF1 1
   178,          PIqlim_y REGF1 1,                $y_{PIqlim}$ REGF1 1
   179,                vd REGF1 1,                       $V_d$ REGF1 1
   180,                vq REGF1 1,                       $V_q$ REGF1 1
   181,                Pe REGF1 1,                       $P_e$ REGF1 1
   182,                Qe REGF1 1,                       $Q_e$ REGF1 1
   183,                Id REGF1 1,                       $I_d$ REGF1 1
   184,                Iq REGF1 1,                       $I_q$ REGF1 1
   185,              dw_x REGF1 1,                    $x_{dw}$ REGF1 1
   186,              dw_y REGF1 1,                    $y_{dw}$ REGF1 1
   187,             vref2 REGF1 1,                  $v_{ref2}$ REGF1 1
   188,            PIvd_y REGF1 1,                  $y_{PIvd}$ REGF1 1
   189,            PIvq_y REGF1 1,                  $y_{PIvq}$ REGF1 1
   190,            PIId_y REGF1 1,                  $y_{PIId}$ REGF1 1
   191,            PIIq_y REGF1 1,                  $y_{PIIq}$ REGF1 1
   192,             udref REGF1 1,                  $u_{dref}$ REGF1 1
   193,             uqref REGF1 1,                  $u_{qref}$ REGF1 1
