     0,                  Time [s],                            Time [s]
     1,            delta GENROU 1,                   $\delta$ GENROU 1
     2,            delta GENROU 2,                   $\delta$ GENROU 2
     3,            delta GENROU 3,                   $\delta$ GENROU 3
     4,            omega GENROU 1,                   $\omega$ GENROU 1
     5,            omega GENROU 2,                   $\omega$ GENROU 2
     6,            omega GENROU 3,                   $\omega$ GENROU 3
     7,              e1q GENROU 1,                   ${e'_q}$ GENROU 1
     8,              e1q GENROU 2,                   ${e'_q}$ GENROU 2
     9,              e1q GENROU 3,                   ${e'_q}$ GENROU 3
    10,              e1d GENROU 1,                   ${e'_d}$ GENROU 1
    11,              e1d GENROU 2,                   ${e'_d}$ GENROU 2
    12,              e1d GENROU 3,                   ${e'_d}$ GENROU 3
    13,              e2d GENROU 1,                  ${e''_d}$ GENROU 1
    14,              e2d GENROU 2,                  ${e''_d}$ GENROU 2
    15,              e2d GENROU 3,                  ${e''_d}$ GENROU 3
    16,              e2q GENROU 1,                  ${e''_q}$ GENROU 1
    17,              e2q GENROU 2,                  ${e''_q}$ GENROU 2
    18,              e2q GENROU 3,                  ${e''_q}$ GENROU 3
    19,             LAG_y TGOV1 1,                   $y_{LAG}$ TGOV1 1
    20,             LAG_y TGOV1 2,                   $y_{LAG}$ TGOV1 2
    21,             LAG_y TGOV1 3,                   $y_{LAG}$ TGOV1 3
    22,              LL_x TGOV1 1,                   $x'_{LL}$ TGOV1 1
    23,              LL_x TGOV1 2,                   $x'_{LL}$ TGOV1 2
    24,              LL_x TGOV1 3,                   $x'_{LL}$ TGOV1 3
    25,                vp EXDC2 1,                       $V_p$ EXDC2 1
    26,                vp EXDC2 2,                       $V_p$ EXDC2 2
    27,                vp EXDC2 3,                       $V_p$ EXDC2 3
    28,              LS_y EXDC2 1,                    $y_{LS}$ EXDC2 1
    29,              LS_y EXDC2 2,                    $y_{LS}$ EXDC2 2
    30,              LS_y EXDC2 3,                    $y_{LS}$ EXDC2 3
    31,              LL_x EXDC2 1,                   $x'_{LL}$ EXDC2 1
    32,              LL_x EXDC2 2,                   $x'_{LL}$ EXDC2 2
    33,              LL_x EXDC2 3,                   $x'_{LL}$ EXDC2 3
    34,              LA_y EXDC2 1,                    $y_{LA}$ EXDC2 1
    35,              LA_y EXDC2 2,                    $y_{LA}$ EXDC2 2
    36,              LA_y EXDC2 3,                    $y_{LA}$ EXDC2 3
    37,               W_x EXDC2 1,                    $x'_{W}$ EXDC2 1
    38,               W_x EXDC2 2,                    $x'_{W}$ EXDC2 2
    39,               W_x EXDC2 3,                    $x'_{W}$ EXDC2 3
    40,             L_y BusFreq 1,                   $y_{L}$ BusFreq 1
    41,            WO_x BusFreq 1,                 $x'_{WO}$ BusFreq 1
    42,             S1_y REGCA1 1,                  $y_{S_1}$ REGCA1 1
    43,             S2_y REGCA1 1,                  $y_{S_2}$ REGCA1 1
    44,             S0_y REGCA1 1,                  $y_{S_0}$ REGCA1 1
    45,             s0_y REECA1 1,                   $y_{s0}$ REECA1 1
    46,             S1_y REECA1 1,                  $y_{S_1}$ REECA1 1
    47,           PIQ_xi REECA1 1,                 $xi_{PIQ}$ REECA1 1
    48,             s4_y REECA1 1,                  $y_{s_4}$ REECA1 1
    49,          pfilt_y REECA1 1,             $y_{P_{filt}}$ REECA1 1
    50,             s5_y REECA1 1,                   $y_{s5}$ REECA1 1
    51,           PIV_xi REECA1 1,                 $xi_{PIV}$ REECA1 1
    52,             s0_y REPCA1 1,                  $y_{s_0}$ REPCA1 1
    53,             s1_y REPCA1 1,                  $y_{s_1}$ REPCA1 1
    54,            s2_xi REPCA1 1,                 $xi_{s_2}$ REPCA1 1
    55,             s3_x REPCA1 1,                 $x'_{s_3}$ REPCA1 1
    56,             s4_y REPCA1 1,                  $y_{s_4}$ REPCA1 1
    57,            s5_xi REPCA1 1,                 $xi_{s_5}$ REPCA1 1
    58,             s6_y REPCA1 1,                  $y_{s_6}$ REPCA1 1
    59,                   a Bus 1,                      $\theta$ Bus 1
    60,                   a Bus 2,                      $\theta$ Bus 2
    61,                   a Bus 3,                      $\theta$ Bus 3
    62,                   a Bus 4,                      $\theta$ Bus 4
    63,                   a Bus 5,                      $\theta$ Bus 5
    64,                   a Bus 6,                      $\theta$ Bus 6
    65,                   a Bus 7,                      $\theta$ Bus 7
    66,                   a Bus 8,                      $\theta$ Bus 8
    67,                   a Bus 9,                      $\theta$ Bus 9
    68,                  a Bus 10,                     $\theta$ Bus 10
    69,                   v Bus 1,                           $V$ Bus 1
    70,                   v Bus 2,                           $V$ Bus 2
    71,                   v Bus 3,                           $V$ Bus 3
    72,                   v Bus 4,                           $V$ Bus 4
    73,                   v Bus 5,                           $V$ Bus 5
    74,                   v Bus 6,                           $V$ Bus 6
    75,                   v Bus 7,                           $V$ Bus 7
    76,                   v Bus 8,                           $V$ Bus 8
    77,                   v Bus 9,                           $V$ Bus 9
    78,                  v Bus 10,                          $V$ Bus 10
    79,                    q PV 2,                            $q$ PV 2
    80,                    q PV 3,                            $q$ PV 3
    81,                    q PV 4,                            $q$ PV 4
    82,                 q Slack 1,                         $q$ Slack 1
    83,                 p Slack 1,                         $p$ Slack 1
    84,               Id GENROU 1,                      $I_d$ GENROU 1
    85,               Id GENROU 2,                      $I_d$ GENROU 2
    86,               Id GENROU 3,                      $I_d$ GENROU 3
    87,               Iq GENROU 1,                      $I_q$ GENROU 1
    88,               Iq GENROU 2,                      $I_q$ GENROU 2
    89,               Iq GENROU 3,                      $I_q$ GENROU 3
    90,               vd GENROU 1,                      $V_d$ GENROU 1
    91,               vd GENROU 2,                      $V_d$ GENROU 2
    92,               vd GENROU 3,                      $V_d$ GENROU 3
    93,               vq GENROU 1,                      $V_q$ GENROU 1
    94,               vq GENROU 2,                      $V_q$ GENROU 2
    95,               vq GENROU 3,                      $V_q$ GENROU 3
    96,               tm GENROU 1,                   $\tau_m$ GENROU 1
    97,               tm GENROU 2,                   $\tau_m$ GENROU 2
    98,               tm GENROU 3,                   $\tau_m$ GENROU 3
    99,               te GENROU 1,                   $\tau_e$ GENROU 1
   100,               te GENROU 2,                   $\tau_e$ GENROU 2
   101,               te GENROU 3,                   $\tau_e$ GENROU 3
   102,               vf GENROU 1,                      $v_f$ GENROU 1
   103,               vf GENROU 2,                      $v_f$ GENROU 2
   104,               vf GENROU 3,                      $v_f$ GENROU 3
   105,           XadIfd GENROU 1,             $X_{ad}I_{fd}$ GENROU 1
   106,           XadIfd GENROU 2,             $X_{ad}I_{fd}$ GENROU 2
   107,           XadIfd GENROU 3,             $X_{ad}I_{fd}$ GENROU 3
   108,               Pe GENROU 1,                      $P_e$ GENROU 1
   109,               Pe GENROU 2,                      $P_e$ GENROU 2
   110,               Pe GENROU 3,                      $P_e$ GENROU 3
   111,               Qe GENROU 1,                      $Q_e$ GENROU 1
   112,               Qe GENROU 2,                      $Q_e$ GENROU 2
   113,               Qe GENROU 3,                      $Q_e$ GENROU 3
   114,             psid GENROU 1,                   $\psi_d$ GENROU 1
   115,             psid GENROU 2,                   $\psi_d$ GENROU 2
   116,             psid GENROU 3,                   $\psi_d$ GENROU 3
   117,             psiq GENROU 1,                   $\psi_q$ GENROU 1
   118,             psiq GENROU 2,                   $\psi_q$ GENROU 2
   119,             psiq GENROU 3,                   $\psi_q$ GENROU 3
   120,            psi2q GENROU 1,                $\psi_{aq}$ GENROU 1
   121,            psi2q GENROU 2,                $\psi_{aq}$ GENROU 2
   122,            psi2q GENROU 3,                $\psi_{aq}$ GENROU 3
   123,            psi2d GENROU 1,                $\psi_{ad}$ GENROU 1
   124,            psi2d GENROU 2,                $\psi_{ad}$ GENROU 2
   125,            psi2d GENROU 3,                $\psi_{ad}$ GENROU 3
   126,             psi2 GENROU 1,                   $\psi_a$ GENROU 1
   127,             psi2 GENROU 2,                   $\psi_a$ GENROU 2
   128,             psi2 GENROU 3,                   $\psi_a$ GENROU 3
   129,               Se GENROU 1,          $S_e(|\psi_{a}|)$ GENROU 1
   130,               Se GENROU 2,          $S_e(|\psi_{a}|)$ GENROU 2
   131,               Se GENROU 3,          $S_e(|\psi_{a}|)$ GENROU 3
   132,           XaqI1q GENROU 1,             $X_{aq}I_{1q}$ GENROU 1
   133,           XaqI1q GENROU 2,             $X_{aq}I_{1q}$ GENROU 2
   134,           XaqI1q GENROU 3,             $X_{aq}I_{1q}$ GENROU 3
   135,              paux TGOV1 1,                   $P_{aux}$ TGOV1 1
   136,              paux TGOV1 2,                   $P_{aux}$ TGOV1 2
   137,              paux TGOV1 3,                   $P_{aux}$ TGOV1 3
   138,              pout TGOV1 1,                   $P_{out}$ TGOV1 1
   139,              pout TGOV1 2,                   $P_{out}$ TGOV1 2
   140,              pout TGOV1 3,                   $P_{out}$ TGOV1 3
   141,              wref TGOV1 1,              $\omega_{ref}$ TGOV1 1
   142,              wref TGOV1 2,              $\omega_{ref}$ TGOV1 2
   143,              wref TGOV1 3,              $\omega_{ref}$ TGOV1 3
   144,              pref TGOV1 1,                   $P_{ref}$ TGOV1 1
   145,              pref TGOV1 2,                   $P_{ref}$ TGOV1 2
   146,              pref TGOV1 3,                   $P_{ref}$ TGOV1 3
   147,                wd TGOV1 1,              $\omega_{dev}$ TGOV1 1
   148,                wd TGOV1 2,              $\omega_{dev}$ TGOV1 2
   149,                wd TGOV1 3,              $\omega_{dev}$ TGOV1 3
   150,                pd TGOV1 1,                       $P_d$ TGOV1 1
   151,                pd TGOV1 2,                       $P_d$ TGOV1 2
   152,                pd TGOV1 3,                       $P_d$ TGOV1 3
   153,              LL_y TGOV1 1,                    $y_{LL}$ TGOV1 1
   154,              LL_y TGOV1 2,                    $y_{LL}$ TGOV1 2
   155,              LL_y TGOV1 3,                    $y_{LL}$ TGOV1 3
   156,                 v EXDC2 1,                  $E_{term}$ EXDC2 1
   157,                 v EXDC2 2,                  $E_{term}$ EXDC2 2
   158,                 v EXDC2 3,                  $E_{term}$ EXDC2 3
   159,              vout EXDC2 1,                   $v_{out}$ EXDC2 1
   160,              vout EXDC2 2,                   $v_{out}$ EXDC2 2
   161,              vout EXDC2 3,                   $v_{out}$ EXDC2 3
   162,              vref EXDC2 1,                   $V_{ref}$ EXDC2 1
   163,              vref EXDC2 2,                   $V_{ref}$ EXDC2 2
   164,              vref EXDC2 3,                   $V_{ref}$ EXDC2 3
   165,                Se EXDC2 1,            $S_e(|V_{out}|)$ EXDC2 1
   166,                Se EXDC2 2,            $S_e(|V_{out}|)$ EXDC2 2
   167,                Se EXDC2 3,            $S_e(|V_{out}|)$ EXDC2 3
   168,                vi EXDC2 1,                       $V_i$ EXDC2 1
   169,                vi EXDC2 2,                       $V_i$ EXDC2 2
   170,                vi EXDC2 3,                       $V_i$ EXDC2 3
   171,              LL_y EXDC2 1,                    $y_{LL}$ EXDC2 1
   172,              LL_y EXDC2 2,                    $y_{LL}$ EXDC2 2
   173,              LL_y EXDC2 3,                    $y_{LL}$ EXDC2 3
   174,               W_y EXDC2 1,                     $y_{W}$ EXDC2 1
   175,               W_y EXDC2 2,                     $y_{W}$ EXDC2 2
   176,               W_y EXDC2 3,                     $y_{W}$ EXDC2 3
   177,            WO_y BusFreq 1,                  $y_{WO}$ BusFreq 1
   178,               f BusFreq 1,                       $f$ BusFreq 1
   179,            LVG_y REGCA1 1,               $y_{L_{VG}}$ REGCA1 1
   180,            Ipcmd REGCA1 1,                 $I_{pcmd}$ REGCA1 1
   181,            Iqcmd REGCA1 1,                 $I_{qcmd}$ REGCA1 1
   182,           LVPL_y REGCA1 1,              $y_{L_{VPL}}$ REGCA1 1
   183,            Ipout REGCA1 1,                 $I_{pout}$ REGCA1 1
   184,            HVG_x REGCA1 1,               $x_{H_{VG}}$ REGCA1 1
   185,            HVG_y REGCA1 1,               $y_{H_{VG}}$ REGCA1 1
   186,          Iqout_x REGCA1 1,             $x_{I^{qout}}$ REGCA1 1
   187,          Iqout_y REGCA1 1,             $y_{I^{qout}}$ REGCA1 1
   188,               Pe REGCA1 1,                      $P_e$ REGCA1 1
   189,               Qe REGCA1 1,                      $Q_e$ REGCA1 1
   190,               vp REECA1 1,                      $V_p$ REECA1 1
   191,           pfaref REECA1 1,               $\Phi_{ref}$ REECA1 1
   192,             Qref REECA1 1,                  $Q_{ref}$ REECA1 1
   193,             Qcpf REECA1 1,                  $Q_{cpf}$ REECA1 1
   194,            PFsel REECA1 1,                    $PFsel$ REECA1 1
   195,             Qerr REECA1 1,                  $Q_{err}$ REECA1 1
   196,           PIQ_ys REECA1 1,                 $ys_{PIQ}$ REECA1 1
   197,            PIQ_y REECA1 1,                  $y_{PIQ}$ REECA1 1
   198,           Vsel_x REECA1 1,                 $x_{Vsel}$ REECA1 1
   199,           Vsel_y REECA1 1,                 $y_{Vsel}$ REECA1 1
   200,             Verr REECA1 1,                  $V_{err}$ REECA1 1
   201,            dbV_y REECA1 1,                  $y_{dbV}$ REECA1 1
   202,            Iqinj REECA1 1,                 $I_{qinj}$ REECA1 1
   203,               wg REECA1 1,                 $\omega_g$ REECA1 1
   204,             Pref REECA1 1,                  $P_{ref}$ REECA1 1
   205,             Psel REECA1 1,                  $P_{sel}$ REECA1 1
   206,           VDL1_y REECA1 1,              $y_{V_{DL1}}$ REECA1 1
   207,           VDL2_y REECA1 1,              $y_{V_{DL2}}$ REECA1 1
   208,            Ipmax REECA1 1,                 $I_{pmax}$ REECA1 1
   209,            Iqmax REECA1 1,                 $I_{qmax}$ REECA1 1
   210,           PIV_ys REECA1 1,                 $ys_{PIV}$ REECA1 1
   211,            PIV_y REECA1 1,                  $y_{PIV}$ REECA1 1
   212,             Qsel REECA1 1,                  $Q_{sel}$ REECA1 1
   213,           IpHL_x REECA1 1,                 $x_{IpHL}$ REECA1 1
   214,           IpHL_y REECA1 1,                 $y_{IpHL}$ REECA1 1
   215,           IqHL_x REECA1 1,                 $x_{IqHL}$ REECA1 1
   216,           IqHL_y REECA1 1,                 $y_{IqHL}$ REECA1 1
   217,             Vref REPCA1 1,                  $Q_{ref}$ REPCA1 1
   218,           Qlinef REPCA1 1,                $Q_{linef}$ REPCA1 1
   219,           Refsel REPCA1 1,                $R_{efsel}$ REPCA1 1
   220,            dbd_y REPCA1 1,               $y_{d^{bd}}$ REPCA1 1
   221,              enf REPCA1 1,                   $e_{nf}$ REPCA1 1
   222,            s2_ys REPCA1 1,                 $ys_{s_2}$ REPCA1 1
   223,             s2_y REPCA1 1,                  $y_{s_2}$ REPCA1 1
   224,             s3_y REPCA1 1,                  $y_{s_3}$ REPCA1 1
   225,             ferr REPCA1 1,                  $f_{err}$ REPCA1 1
   226,           fdbd_y REPCA1 1,              $y_{f^{dbd}}$ REPCA1 1
   227,       Plant_pref REPCA1 1,                  $P_{ref}$ REPCA1 1
   228,            Plerr REPCA1 1,                 $P_{lerr}$ REPCA1 1
   229,             Perr REPCA1 1,                  $P_{err}$ REPCA1 1
   230,            s5_ys REPCA1 1,                 $ys_{s_5}$ REPCA1 1
   231,             s5_y REPCA1 1,                  $y_{s_5}$ REPCA1 1
